Component: ARM Compiler 5.05 update 2 (build 169) Tool: armlink [4d0f33]

==============================================================================

Section Cross References

    stm32f10x.o(STACK) refers (Special) to heapauxi.o(.text) for __use_two_region_memory
    stm32f10x.o(HEAP) refers (Special) to heapauxi.o(.text) for __use_two_region_memory
    stm32f10x.o(RESET) refers (Special) to heapauxi.o(.text) for __use_two_region_memory
    stm32f10x.o(RESET) refers to stm32f10x.o(STACK) for __initial_sp
    stm32f10x.o(RESET) refers to stm32f10x.o(.text) for Reset_Handler
    stm32f10x.o(RESET) refers to stm32f10x_it.o(.text) for PVD_IRQHandler
    stm32f10x.o(RESET) refers to commu.o(.text) for SPI1_IRQHandler
    stm32f10x.o(.text) refers (Special) to heapauxi.o(.text) for __use_two_region_memory
    stm32f10x.o(.text) refers to __main.o(!!!main) for __main
    stm32f10x.o(.text) refers to stm32f10x.o(HEAP) for Heap_Mem
    stm32f10x.o(.text) refers to stm32f10x.o(STACK) for Stack_Mem
    test.o(.text) refers to sys.o(.text) for Stm32_Clock_Init
    test.o(.text) refers to delay.o(.text) for delay_init
    test.o(.text) refers to usart.o(.text) for uart_init
    test.o(.text) refers to hw_config.o(.text) for Set_USBClock
    test.o(.text) refers to usb_init.o(.text) for USB_Init
    test.o(.text) refers to keyboard.o(.text) for keyboard_init
    test.o(.text) refers to mass_mal.o(.data) for Mass_Memory_Size
    keyboard.o(.text) refers to _printf_pad.o(.text) for _printf_pre_padding
    keyboard.o(.text) refers to _printf_percent.o(.ARM.Collect$$_printf_percent$$00000000) for _printf_percent
    keyboard.o(.text) refers to _printf_d.o(.ARM.Collect$$_printf_percent$$00000009) for _printf_d
    keyboard.o(.text) refers to _printf_dec.o(.text) for _printf_int_dec
    keyboard.o(.text) refers to _printf_c.o(.ARM.Collect$$_printf_percent$$00000013) for _printf_c
    keyboard.o(.text) refers to _printf_str.o(.text) for _printf_str
    keyboard.o(.text) refers to usb_process.o(.text) for keyborad_process
    keyboard.o(.text) refers to noretval__2printf.o(.text) for __2printf
    keyboard.o(.text) refers to stm32lib.o(.text) for SCPE
    keyboard.o(.text) refers to delay.o(.text) for delay_ms
    keyboard.o(.text) refers to keyboard.o(.bss) for key_val
    keyboard.o(.text) refers to keyboard.o(.data) for key_index
    delay.o(.text) refers to delay.o(.data) for fac_us
    sys.o(.text) refers to sys.o(.emb_text) for WFI_SET
    usart.o(.text) refers (Special) to use_no_semi_2.o(.text) for __use_no_semihosting
    usart.o(.text) refers to fflt_clz.o(x$fpl$ffltu) for __aeabi_ui2f
    usart.o(.text) refers to fdiv.o(x$fpl$fdiv) for __aeabi_fdiv
    usart.o(.text) refers to ffixu.o(x$fpl$ffixu) for __aeabi_f2uiz
    usart.o(.text) refers to faddsub_clz.o(x$fpl$frsb) for __aeabi_frsub
    usart.o(.text) refers to fmul.o(x$fpl$fmul) for __aeabi_fmul
    usart.o(.data) refers (Special) to use_no_semi_2.o(.text) for __use_no_semihosting
    stm32lib.o(.text) refers to sys.o(.text) for MY_NVIC_Init
    stm32lib.o(.text) refers to delay.o(.text) for delay_ms
    stm32lib.o(.text) refers to putc.o(.text) for putc
    stm32lib.o(.text) refers to usart.o(.data) for __stdout
    commu.o(.text) refers to stm32lib.o(.text) for SCPE
    commu.o(.text) refers to sys.o(.text) for MY_NVIC_Init
    commu.o(.text) refers to commu.o(.data) for recv_flag
    commu.o(.text) refers to commu.o(.bss) for commu_buf
    usb_process.o(.text) refers to hw_config.o(.text) for Joystick_Send
    usb_process.o(.text) refers to usb_istr.o(.data) for EP2BUSY
    usb_core.o(.text) refers to usb_regs.o(.text) for ClearDTOG_TX
    usb_core.o(.text) refers to usb_init.o(.data) for pInformation
    usb_core.o(.text) refers to usb_prop.o(.data) for Device_Table
    usb_core.o(.text) refers to usb_core.o(.data) for StatusInfo
    usb_core.o(.text) refers to usb_mem.o(.text) for PMAToUserBufferCopy
    usb_core.o(.text) refers to usb_int.o(.data) for SaveRState
    usb_init.o(.text) refers to usb_init.o(.bss) for Device_Info
    usb_init.o(.text) refers to usb_init.o(.data) for pInformation
    usb_init.o(.text) refers to usb_prop.o(.data) for Device_Property
    usb_int.o(.text) refers to usb_core.o(.text) for In0_Process
    usb_int.o(.text) refers to usb_istr.o(.data) for wIstr
    usb_int.o(.text) refers to usb_init.o(.data) for EPindex
    usb_int.o(.text) refers to usb_int.o(.data) for SaveRState
    usb_hw.o(.text) refers to stm32lib.o(.text) for SCPE
    hw_config.o(.text) refers to sys.o(.text) for MY_NVIC_Init
    hw_config.o(.text) refers to mass_mal.o(.text) for MAL_Init
    hw_config.o(.text) refers to usb_regs.o(.text) for GetEPTxAddr
    hw_config.o(.text) refers to usb_mem.o(.text) for UserToPMABufferCopy
    hw_config.o(.text) refers to usb_pwr.o(.data) for bDeviceState
    hw_config.o(.text) refers to usb_init.o(.bss) for Device_Info
    hw_config.o(.text) refers to usb_desc.o(.data) for Joystick_StringSerial
[...]
    ../clib/armsys.c                         0x00000000   Number         0  no_argv.o ABSOLUTE
    ../clib/armsys.c                         0x00000000   Number         0  argv_veneer.o ABSOLUTE
    ../clib/heapalloc.c                      0x00000000   Number         0  hrguard.o ABSOLUTE
    ../clib/heapaux.c                        0x00000000   Number         0  heapauxi.o ABSOLUTE
    ../clib/libinit.s                        0x00000000   Number         0  libshutdown2.o ABSOLUTE
    ../clib/libinit.s                        0x00000000   Number         0  libshutdown.o ABSOLUTE
    ../clib/libinit.s                        0x00000000   Number         0  libinit.o ABSOLUTE
    ../clib/libinit.s                        0x00000000   Number         0  libinit2.o ABSOLUTE
    ../clib/misc.s                           0x00000000   Number         0  printf_stubs.o ABSOLUTE
    ../clib/printf.c                         0x00000000   Number         0  __printf_flags_ss.o ABSOLUTE
    ../clib/printf.c                         0x00000000   Number         0  __printf_wp.o ABSOLUTE
    ../clib/printf.c                         0x00000000   Number         0  __printf_flags_wp.o ABSOLUTE
    ../clib/printf.c                         0x00000000   Number         0  __printf_ss_wp.o ABSOLUTE
    ../clib/printf.c                         0x00000000   Number         0  __printf.o ABSOLUTE
    ../clib/printf.c                         0x00000000   Number         0  __printf_flags_ss_wp.o ABSOLUTE
    ../clib/printf.c                         0x00000000   Number         0  _printf_pad.o ABSOLUTE
    ../clib/printf.c                         0x00000000   Number         0  _printf_char_common.o ABSOLUTE
    ../clib/printf.c                         0x00000000   Number         0  _printf_str.o ABSOLUTE
    ../clib/printf.c                         0x00000000   Number         0  __printf_ss.o ABSOLUTE
    ../clib/printf.c                         0x00000000   Number         0  __printf_nopercent.o ABSOLUTE
    ../clib/printf.c                         0x00000000   Number         0  _printf_dec.o ABSOLUTE
    ../clib/printf.c                         0x00000000   Number         0  _printf_char_file.o ABSOLUTE
    ../clib/printf.c                         0x00000000   Number         0  __printf_flags.o ABSOLUTE
    ../clib/printf.c                         0x00000000   Number         0  _printf_intcommon.o ABSOLUTE
    ../clib/printf.c                         0x00000000   Number         0  __2printf.o ABSOLUTE
    ../clib/printf.c                         0x00000000   Number         0  noretval__2printf.o ABSOLUTE
    ../clib/printf.c                         0x00000000   Number         0  _printf_char.o ABSOLUTE
    ../clib/printf_percent.s                 0x00000000   Number         0  _printf_percent_end.o ABSOLUTE
    ../clib/printf_percent.s                 0x00000000   Number         0  _printf_c.o ABSOLUTE
    ../clib/printf_percent.s                 0x00000000   Number         0  _printf_d.o ABSOLUTE
    ../clib/printf_percent.s                 0x00000000   Number         0  _printf_percent.o ABSOLUTE
    ../clib/signal.c                         0x00000000   Number         0  defsig_cppl_inner.o ABSOLUTE
    ../clib/signal.c                         0x00000000   Number         0  defsig_pvfn_inner.o ABSOLUTE
    ../clib/signal.c                         0x00000000   Number         0  defsig_stak_inner.o ABSOLUTE
    ../clib/signal.c                         0x00000000   Number         0  __raise.o ABSOLUTE
    ../clib/signal.c                         0x00000000   Number         0  defsig_rtmem_inner.o ABSOLUTE
    ../clib/signal.c                         0x00000000   Number         0  defsig_exit.o ABSOLUTE
    ../clib/signal.c                         0x00000000   Number         0  defsig_segv_inner.o ABSOLUTE
    ../clib/signal.c                         0x00000000   Number         0  defsig_general.o ABSOLUTE
    ../clib/signal.c                         0x00000000   Number         0  defsig_abrt_inner.o ABSOLUTE
    ../clib/signal.c                         0x00000000   Number         0  defsig_other.o ABSOLUTE
    ../clib/signal.c                         0x00000000   Number         0  defsig_fpe_inner.o ABSOLUTE
    ../clib/signal.c                         0x00000000   Number         0  defsig_rtmem_formal.o ABSOLUTE
    ../clib/signal.c                         0x00000000   Number         0  defsig_rtred_inner.o ABSOLUTE
    ../clib/signal.c                         0x00000000   Number         0  defsig_rtmem_outer.o ABSOLUTE
    ../clib/signal.s                         0x00000000   Number         0  defsig.o ABSOLUTE
    ../clib/stdio.c                          0x00000000   Number         0  putc.o ABSOLUTE
    ../clib/stdio.c                          0x00000000   Number         0  ferror_locked.o ABSOLUTE
    ../clib/stdio.c                          0x00000000   Number         0  ferror.o ABSOLUTE
    ../clib/stdlib.c                         0x00000000   Number         0  exit.o ABSOLUTE
    ../fplib/faddsub.s                       0x00000000   Number         0  faddsub_clz.o ABSOLUTE
    ../fplib/fdiv.s                          0x00000000   Number         0  fdiv.o ABSOLUTE
    ../fplib/ffixu.s                         0x00000000   Number         0  ffixu.o ABSOLUTE
    ../fplib/fflt.s                          0x00000000   Number         0  fflt_clz.o ABSOLUTE
    ../fplib/fmul.s                          0x00000000   Number         0  fmul.o ABSOLUTE
    ../fplib/fnaninf.s                       0x00000000   Number         0  fnaninf.o ABSOLUTE
    ../fplib/fpinit.s                        0x00000000   Number         0  fpinit.o ABSOLUTE
    ../fplib/fretinf.s                       0x00000000   Number         0  fretinf.o ABSOLUTE
    ../fplib/usenofp.s                       0x00000000   Number         0  usenofp.o ABSOLUTE
    ..\HARDWARE\USB\usb_process.c            0x00000000   Number         0  usb_process.o ABSOLUTE
    ..\STM32lib\stm32lib.c                   0x00000000   Number         0  stm32lib.o ABSOLUTE
    ..\SYSTEM\delay\delay.c                  0x00000000   Number         0  delay.o ABSOLUTE
    ..\SYSTEM\sys\sys.c                      0x00000000   Number         0  sys.o ABSOLUTE
    ..\SYSTEM\usart\usart.c                  0x00000000   Number         0  usart.o ABSOLUTE
    ..\USB\CONFIG\hw_config.c                0x00000000   Number         0  hw_config.o ABSOLUTE
    ..\USB\CONFIG\mass_mal.c                 0x00000000   Number         0  mass_mal.o ABSOLUTE
    ..\USB\CONFIG\memory.c                   0x00000000   Number         0  memory.o ABSOLUTE
    ..\USB\CONFIG\scsi_data.c                0x00000000   Number         0  scsi_data.o ABSOLUTE
    ..\USB\CONFIG\stm32f10x_it.c             0x00000000   Number         0  stm32f10x_it.o ABSOLUTE
    ..\USB\CONFIG\usb_bot.c                  0x00000000   Number         0  usb_bot.o ABSOLUTE
    ..\USB\CONFIG\usb_desc.c                 0x00000000   Number         0  usb_desc.o ABSOLUTE
    ..\USB\CONFIG\usb_istr.c                 0x00000000   Number         0  usb_istr.o ABSOLUTE
    ..\USB\CONFIG\usb_prop.c                 0x00000000   Number         0  usb_prop.o ABSOLUTE
    ..\USB\CONFIG\usb_pwr.c                  0x00000000   Number         0  usb_pwr.o ABSOLUTE
    ..\USB\CONFIG\usb_scsi.c                 0x00000000   Number         0  usb_scsi.o ABSOLUTE
    ..\USB\LIB\usb_core.c                    0x00000000   Number         0  usb_core.o ABSOLUTE
    ..\USB\LIB\usb_hw.c                      0x00000000   Number         0  usb_hw.o ABSOLUTE
    ..\USB\LIB\usb_init.c                    0x00000000   Number         0  usb_init.o ABSOLUTE
    ..\USB\LIB\usb_int.c                     0x00000000   Number         0  usb_int.o ABSOLUTE
    ..\USB\LIB\usb_mem.c                     0x00000000   Number         0  usb_mem.o ABSOLUTE
    ..\USB\LIB\usb_regs.c                    0x00000000   Number         0  usb_regs.o ABSOLUTE
    ..\\STM32lib\\stm32lib.c                 0x00000000   Number         0  stm32lib.o ABSOLUTE
    ..\\SYSTEM\\sys\\sys.c                   0x00000000   Number         0  sys.o ABSOLUTE
    STM32F10x.s                              0x00000000   Number         0  stm32f10x.o ABSOLUTE
    commu.c                                  0x00000000   Number         0  commu.o ABSOLUTE
    dc.s                                     0x00000000   Number         0  dc.o ABSOLUTE
    keyboard.c                               0x00000000   Number         0  keyboard.o ABSOLUTE
    test.c                                   0x00000000   Number         0  test.o ABSOLUTE
    RESET                                    0x08000000   Section      236  stm32f10x.o(RESET)
    !!!main                                  0x080000ec   Section        8  __main.o(!!!main)
    !!!scatter                               0x080000f4   Section       52  __scatter.o(!!!scatter)
    !!dczerorl2                              0x08000128   Section       90  __dczerorl2.o(!!dczerorl2)
    !!handler_zi                             0x08000184   Section       28  __scatter_zi.o(!!handler_zi)
    .ARM.Collect$$_printf_percent$$00000000  0x080001a0   Section        0  _printf_percent.o(.ARM.Collect$$_printf_percent$$00000000)
    .ARM.Collect$$_printf_percent$$00000009  0x080001a0   Section        6  _printf_d.o(.ARM.Collect$$_printf_percent$$00000009)
    .ARM.Collect$$_printf_percent$$00000013  0x080001a6   Section        6  _printf_c.o(.ARM.Collect$$_printf_percent$$00000013)
    .ARM.Collect$$_printf_percent$$00000017  0x080001ac   Section        4  _printf_percent_end.o(.ARM.Collect$$_printf_percent$$00000017)
    .ARM.Collect$$libinit$$00000000          0x080001b0   Section        2  libinit.o(.ARM.Collect$$libinit$$00000000)
    .ARM.Collect$$libinit$$00000002          0x080001b2   Section        0  libinit2.o(.ARM.Collect$$libinit$$00000002)
    .ARM.Collect$$libinit$$00000004          0x080001b2   Section        0  libinit2.o(.ARM.Collect$$libinit$$00000004)
    .ARM.Collect$$libinit$$0000000A          0x080001b2   Section        0  libinit2.o(.ARM.Collect$$libinit$$0000000A)
    .ARM.Collect$$libinit$$0000000C          0x080001b2   Section        0  libinit2.o(.ARM.Collect$$libinit$$0000000C)
    .ARM.Collect$$libinit$$0000000E          0x080001b2   Section        0  libinit2.o(.ARM.Collect$$libinit$$0000000E)
    .ARM.Collect$$libinit$$00000011          0x080001b2   Section        0  libinit2.o(.ARM.Collect$$libinit$$00000011)
    .ARM.Collect$$libinit$$00000013          0x080001b2   Section        0  libinit2.o(.ARM.Collect$$libinit$$00000013)
    .ARM.Collect$$libinit$$00000015          0x080001b2   Section        0  libinit2.o(.ARM.Collect$$libinit$$00000015)
    .ARM.Collect$$libinit$$00000017          0x080001b2   Section        0  libinit2.o(.ARM.Collect$$libinit$$00000017)
    .ARM.Collect$$libinit$$00000019          0x080001b2   Section        0  libinit2.o(.ARM.Collect$$libinit$$00000019)
    .ARM.Collect$$libinit$$0000001B          0x080001b2   Section        0  libinit2.o(.ARM.Collect$$libinit$$0000001B)
    .ARM.Collect$$libinit$$0000001D          0x080001b2   Section        0  libinit2.o(.ARM.Collect$$libinit$$0000001D)
    .ARM.Collect$$libinit$$0000001F          0x080001b2   Section        0  libinit2.o(.ARM.Collect$$libinit$$0000001F)
    .ARM.Collect$$libinit$$00000021          0x080001b2   Section        0  libinit2.o(.ARM.Collect$$libinit$$00000021)
    .ARM.Collect$$libinit$$00000023          0x080001b2   Section        0  libinit2.o(.ARM.Collect$$libinit$$00000023)
    .ARM.Collect$$libinit$$00000025          0x080001b2   Section        0  libinit2.o(.ARM.Collect$$libinit$$00000025)
    .ARM.Collect$$libinit$$0000002C          0x080001b2   Section        0  libinit2.o(.ARM.Collect$$libinit$$0000002C)
    .ARM.Collect$$libinit$$0000002E          0x080001b2   Section        0  libinit2.o(.ARM.Collect$$libinit$$0000002E)
    .ARM.Collect$$libinit$$00000030          0x080001b2   Section        0  libinit2.o(.ARM.Collect$$libinit$$00000030)
    .ARM.Collect$$libinit$$00000032          0x080001b2   Section        0  libinit2.o(.ARM.Collect$$libinit$$00000032)
    .ARM.Collect$$libinit$$00000033          0x080001b2   Section        2  libinit2.o(.ARM.Collect$$libinit$$00000033)
    .ARM.Collect$$libshutdown$$00000000      0x080001b4   Section        2  libshutdown.o(.ARM.Collect$$libshutdown$$00000000)
    .ARM.Collect$$libshutdown$$00000003      0x080001b6   Section        0  libshutdown2.o(.ARM.Collect$$libshutdown$$00000003)
    .ARM.Collect$$libshutdown$$00000006      0x080001b6   Section        0  libshutdown2.o(.ARM.Collect$$libshutdown$$00000006)
    .ARM.Collect$$libshutdown$$00000009      0x080001b6   Section        0  libshutdown2.o(.ARM.Collect$$libshutdown$$00000009)
    .ARM.Collect$$libshutdown$$0000000B      0x080001b6   Section        0  libshutdown2.o(.ARM.Collect$$libshutdown$$0000000B)
    .ARM.Collect$$libshutdown$$0000000E      0x080001b6   Section        0  libshutdown2.o(.ARM.Collect$$libshutdown$$0000000E)
    .ARM.Collect$$libshutdown$$0000000F      0x080001b6   Section        2  libshutdown2.o(.ARM.Collect$$libshutdown$$0000000F)
    .ARM.Collect$$rtentry$$00000000          0x080001b8   Section        0  __rtentry.o(.ARM.Collect$$rtentry$$00000000)
    .ARM.Collect$$rtentry$$00000002          0x080001b8   Section        0  __rtentry2.o(.ARM.Collect$$rtentry$$00000002)
    .ARM.Collect$$rtentry$$00000004          0x080001b8   Section        6  __rtentry4.o(.ARM.Collect$$rtentry$$00000004)
    .ARM.Collect$$rtentry$$00000009          0x080001be   Section        0  __rtentry2.o(.ARM.Collect$$rtentry$$00000009)
    .ARM.Collect$$rtentry$$0000000A          0x080001be   Section        4  __rtentry2.o(.ARM.Collect$$rtentry$$0000000A)
    .ARM.Collect$$rtentry$$0000000C          0x080001c2   Section        0  __rtentry2.o(.ARM.Collect$$rtentry$$0000000C)
    .ARM.Collect$$rtentry$$0000000D          0x080001c2   Section        8  __rtentry2.o(.ARM.Collect$$rtentry$$0000000D)
    .ARM.Collect$$rtexit$$00000000           0x080001ca   Section        2  rtexit.o(.ARM.Collect$$rtexit$$00000000)
    .ARM.Collect$$rtexit$$00000002           0x080001cc   Section        0  rtexit2.o(.ARM.Collect$$rtexit$$00000002)
    .ARM.Collect$$rtexit$$00000003           0x080001cc   Section        4  rtexit2.o(.ARM.Collect$$rtexit$$00000003)
    .ARM.Collect$$rtexit$$00000004           0x080001d0   Section        6  rtexit2.o(.ARM.Collect$$rtexit$$00000004)
    .emb_text                                0x080001d8   Section        2  sys.o(.emb_text)
    .text                                    0x080001dc   Section       52  stm32f10x.o(.text)
    .text                                    0x08000210   Section        0  test.o(.text)
    .text                                    0x08000270   Section        0  keyboard.o(.text)
    scan                                     0x080002e3   Thumb Code   590  keyboard.o(.text)
    .text                                    0x08000874   Section        0  delay.o(.text)
    .text                                    0x08000924   Section        0  sys.o(.text)
    .text                                    0x08000c00   Section        0  usart.o(.text)
    .text                                    0x08000ce4   Section        0  stm32lib.o(.text)
    .text                                    0x08001298   Section        0  commu.o(.text)
    .text                                    0x080015f8   Section        0  usb_process.o(.text)
    .text                                    0x0800163c   Section        0  usb_core.o(.text)
    DataStageOut                             0x08001a4f   Thumb Code   166  usb_core.o(.text)
    DataStageIn                              0x08001af5   Thumb Code   166  usb_core.o(.text)
    NoData_Setup0                            0x08001b9b   Thumb Code   302  usb_core.o(.text)
    Data_Setup0                              0x08001cc9   Thumb Code   676  usb_core.o(.text)
    .text                                    0x0800215c   Section        0  usb_init.o(.text)
    .text                                    0x08002198   Section        0  usb_int.o(.text)
    .text                                    0x0800256c   Section        0  usb_mem.o(.text)
    .text                                    0x080025c8   Section        0  usb_regs.o(.text)
    .text                                    0x08002d80   Section        0  usb_hw.o(.text)
    .text                                    0x08002db8   Section        0  hw_config.o(.text)
    .text                                    0x08002ecc   Section        0  stm32f10x_it.o(.text)
    .text                                    0x08002f64   Section        0  usb_istr.o(.text)
    .text                                    0x080030c4   Section        0  usb_prop.o(.text)
    .text                                    0x080034ac   Section        0  usb_pwr.o(.text)
    .text                                    0x080035f8   Section        0  mass_mal.o(.text)
    .text                                    0x080036a4   Section        0  usb_bot.o(.text)
    .text                                    0x08003b44   Section        0  usb_scsi.o(.text)
    .text                                    0x08003f60   Section        0  memory.o(.text)
    .text                                    0x080041a0   Section        2  use_no_semi_2.o(.text)
    .text                                    0x080041a4   Section        0  noretval__2printf.o(.text)
    .text                                    0x080041bc   Section        0  _printf_pad.o(.text)
    .text                                    0x0800420a   Section        0  _printf_str.o(.text)
    .text                                    0x0800425c   Section        0  _printf_dec.o(.text)
    .text                                    0x080042d4   Section        0  __printf_ss_wp.o(.text)
    .text                                    0x08004434   Section        0  putc.o(.text)
    .text                                    0x08004438   Section        0  heapauxi.o(.text)
    .text                                    0x0800443e   Section        2  use_no_semi.o(.text)
    .text                                    0x08004440   Section        0  _printf_intcommon.o(.text)
    .text                                    0x080044f2   Section        0  _printf_char.o(.text)
    .text                                    0x08004520   Section        0  _printf_char_file.o(.text)
    .text                                    0x08004544   Section        0  _printf_char_common.o(.text)
    _printf_input_char                       0x08004545   Thumb Code    10  _printf_char_common.o(.text)
    .text                                    0x08004574   Section        0  ferror.o(.text)
    .text                                    0x0800457c   Section       74  sys_stackheap_outer.o(.text)
    .text                                    0x080045c6   Section        0  exit.o(.text)
    .text                                    0x080045d4   Section        8  libspace.o(.text)
    i._is_digit                              0x080045dc   Section        0  __printf_wp.o(i._is_digit)
    x$fpl$fadd                               0x080045ec   Section      196  faddsub_clz.o(x$fpl$fadd)
    _fadd1                                   0x080045fb   Thumb Code     0  faddsub_clz.o(x$fpl$fadd)
    x$fpl$fdiv                               0x080046b0   Section      388  fdiv.o(x$fpl$fdiv)
    _fdiv1                                   0x080046b1   Thumb Code     0  fdiv.o(x$fpl$fdiv)
    x$fpl$ffixu                              0x08004834   Section       62  ffixu.o(x$fpl$ffixu)
    x$fpl$ffltu                              0x08004874   Section       38  fflt_clz.o(x$fpl$ffltu)
    x$fpl$fmul                               0x0800489c   Section      258  fmul.o(x$fpl$fmul)
    x$fpl$fnaninf                            0x0800499e   Section      140  fnaninf.o(x$fpl$fnaninf)
    x$fpl$fretinf                            0x08004a2a   Section       10  fretinf.o(x$fpl$fretinf)
    x$fpl$frsb                               0x08004a34   Section       20  faddsub_clz.o(x$fpl$frsb)
    x$fpl$fsub                               0x08004a48   Section      234  faddsub_clz.o(x$fpl$fsub)
    _fsub1                                   0x08004a57   Thumb Code     0  faddsub_clz.o(x$fpl$fsub)
    .constdata                               0x08004b32   Section      296  usb_desc.o(.constdata)
    x$fpl$usenofp                            0x08004b32   Section        0  usenofp.o(x$fpl$usenofp)
    .data                                    0x20000000   Section      116  keyboard.o(.data)
    pre_press                                0x20000072   Data           1  keyboard.o(.data)
    key_press                                0x20000073   Data           1  keyboard.o(.data)
    .data                                    0x20000074   Section        4  delay.o(.data)
    fac_us                                   0x20000074   Data           1  delay.o(.data)
    fac_ms                                   0x20000076   Data           2  delay.o(.data)
    .data                                    0x20000078   Section        4  usart.o(.data)
    .data                                    0x2000007c   Section       48  commu.o(.data)
    next_data                                0x20000090   Data           1  commu.o(.data)
    recv_flag                                0x20000098   Data           1  commu.o(.data)
    i                                        0x2000009c   Data           4  commu.o(.data)
    i                                        0x200000a0   Data           4  commu.o(.data)
    i                                        0x200000a4   Data           4  commu.o(.data)
    i                                        0x200000a8   Data           4  commu.o(.data)
    .data                                    0x200000ac   Section        3  usb_core.o(.data)
    .data                                    0x200000b0   Section       20  usb_init.o(.data)
    .data                                    0x200000c4   Section        4  usb_int.o(.data)
    .data                                    0x200000c8   Section       27  usb_desc.o(.data)
    .data                                    0x200000e4   Section       72  usb_istr.o(.data)
    .data                                    0x2000012c   Section      185  usb_prop.o(.data)
    .data                                    0x200001e8   Section        7  usb_pwr.o(.data)
    .data                                    0x200001f0   Section       16  mass_mal.o(.data)
    .data                                    0x20000200   Section       12  usb_bot.o(.data)
    .data                                    0x2000020c   Section       36  memory.o(.data)
    Offset                                   0x20000220   Data           4  memory.o(.data)
    Length                                   0x20000224   Data           4  memory.o(.data)
    W_Offset                                 0x20000228   Data           4  memory.o(.data)
    W_Length                                 0x2000022c   Data           4  memory.o(.data)
    .data                                    0x20000230   Section      128  scsi_data.o(.data)
    .bss                                     0x200002b0   Section      238  keyboard.o(.bss)
    .bss                                     0x2000039e   Section     1000  commu.o(.bss)
    .bss                                     0x20000788   Section       28  usb_init.o(.bss)
    .bss                                     0x200007a4   Section       64  usb_istr.o(.bss)
    .bss                                     0x200007e4   Section      112  usb_bot.o(.bss)
    .bss                                     0x20000854   Section      512  memory.o(.bss)
    .bss                                     0x20000a54   Section       96  libspace.o(.bss)
    HEAP                                     0x20000ab8   Section        0  stm32f10x.o(HEAP)
    STACK                                    0x20000ab8   Section      512  stm32f10x.o(STACK)
    Heap_Mem                                 0x20000ab8   Data           0  stm32f10x.o(HEAP)
    Stack_Mem                                0x20000ab8   Data         512  stm32f10x.o(STACK)
    __initial_sp                             0x20000cb8   Data           0  stm32f10x.o(STACK)

    Global Symbols

    Symbol Name                              Value     Ov Type        Size  Object(Section)

    BuildAttributes$$THM_ISAv4$P$D$K$B$S$PE$A:L22UL41UL21$X:L11$S22US41US21$IEEE1$IW$USESV6$~STKCKD$USESV7$~SHL$OSPACE$ROPI$EBA8$UX$STANDARDLIB$REQ8$PRES8$EABIv2 0x00000000   Number         0  anon$$obj.o ABSOLUTE
    __ARM_use_no_argv                        0x00000000   Number         0  test.o ABSOLUTE
    _printf_flags                            0x00000000   Number         0  printf_stubs.o ABSOLUTE
    _printf_return_value                     0x00000000   Number         0  printf_stubs.o ABSOLUTE
    _printf_sizespec                         0x00000000   Number         0  printf_stubs.o ABSOLUTE
    _printf_widthprec                        0x00000000   Number         0  printf_stubs.o ABSOLUTE
    __ARM_exceptions_init                     - Undefined Weak Reference
    __alloca_initialize                       - Undefined Weak Reference
    __arm_preinit_                            - Undefined Weak Reference
    __cpp_initialize__aeabi_                  - Undefined Weak Reference
    __cxa_finalize                            - Undefined Weak Reference
    __rt_locale                               - Undefined Weak Reference
    __sigvec_lookup                           - Undefined Weak Reference
    _atexit_init                              - Undefined Weak Reference
    _call_atexit_fns                          - Undefined Weak Reference
    _clock_init                               - Undefined Weak Reference
    _fp_trap_init                             - Undefined Weak Reference
    _fp_trap_shutdown                         - Undefined Weak Reference
    _get_lc_collate                           - Undefined Weak Reference
    _get_lc_ctype                             - Undefined Weak Reference
    _get_lc_monetary                          - Undefined Weak Reference
    _get_lc_numeric                           - Undefined Weak Reference
    _get_lc_time                              - Undefined Weak Reference
    _getenv_init                              - Undefined Weak Reference
    _handle_redirection                       - Undefined Weak Reference
    _init_alloc                               - Undefined Weak Reference
    _init_user_alloc                          - Undefined Weak Reference
    _initio                                   - Undefined Weak Reference
    _mutex_acquire                            - Undefined Weak Reference
    _mutex_release                            - Undefined Weak Reference
    _printf_mbtowc                            - Undefined Weak Reference
    _printf_truncate_signed                   - Undefined Weak Reference
    _printf_truncate_unsigned                 - Undefined Weak Reference
    _rand_init                                - Undefined Weak Reference
    _signal_finish                            - Undefined Weak Reference
    _signal_init                              - Undefined Weak Reference
    _terminate_alloc                          - Undefined Weak Reference
    _terminate_user_alloc                     - Undefined Weak Reference
    _terminateio                              - Undefined Weak Reference
    __Vectors                                0x08000000   Data           4  stm32f10x.o(RESET)
    __main                                   0x080000ed   Thumb Code     8  __main.o(!!!main)
    __scatterload                            0x080000f5   Thumb Code     0  __scatter.o(!!!scatter)
    __scatterload_rt2                        0x080000f5   Thumb Code    44  __scatter.o(!!!scatter)
    __scatterload_rt2_thumb_only             0x080000f5   Thumb Code     0  __scatter.o(!!!scatter)
    __scatterload_null                       0x08000103   Thumb Code     0  __scatter.o(!!!scatter)
    __decompress                             0x08000129   Thumb Code    90  __dczerorl2.o(!!dczerorl2)
    __decompress1                            0x08000129   Thumb Code     0  __dczerorl2.o(!!dczerorl2)
    __scatterload_zeroinit                   0x08000185   Thumb Code    28  __scatter_zi.o(!!handler_zi)
    _printf_d                                0x080001a1   Thumb Code     0  _printf_d.o(.ARM.Collect$$_printf_percent$$00000009)
    _printf_percent                          0x080001a1   Thumb Code     0  _printf_percent.o(.ARM.Collect$$_printf_percent$$00000000)
    _printf_c                                0x080001a7   Thumb Code     0  _printf_c.o(.ARM.Collect$$_printf_percent$$00000013)
    _printf_percent_end                      0x080001ad   Thumb Code     0  _printf_percent_end.o(.ARM.Collect$$_printf_percent$$00000017)
    __rt_lib_init                            0x080001b1   Thumb Code     0  libinit.o(.ARM.Collect$$libinit$$00000000)
    __rt_lib_init_alloca_1                   0x080001b3   Thumb Code     0  libinit2.o(.ARM.Collect$$libinit$$0000002E)
    __rt_lib_init_argv_1                     0x080001b3   Thumb Code     0  libinit2.o(.ARM.Collect$$libinit$$0000002C)
    __rt_lib_init_atexit_1                   0x080001b3   Thumb Code     0  libinit2.o(.ARM.Collect$$libinit$$0000001B)
    __rt_lib_init_clock_1                    0x080001b3   Thumb Code     0  libinit2.o(.ARM.Collect$$libinit$$00000021)
    __rt_lib_init_cpp_1                      0x080001b3   Thumb Code     0  libinit2.o(.ARM.Collect$$libinit$$00000032)
    __rt_lib_init_exceptions_1               0x080001b3   Thumb Code     0  libinit2.o(.ARM.Collect$$libinit$$00000030)
    __rt_lib_init_fp_1                       0x080001b3   Thumb Code     0  libinit2.o(.ARM.Collect$$libinit$$00000002)
    __rt_lib_init_fp_trap_1                  0x080001b3   Thumb Code     0  libinit2.o(.ARM.Collect$$libinit$$0000001F)
    __rt_lib_init_getenv_1                   0x080001b3   Thumb Code     0  libinit2.o(.ARM.Collect$$libinit$$00000023)
    __rt_lib_init_heap_1                     0x080001b3   Thumb Code     0  libinit2.o(.ARM.Collect$$libinit$$0000000A)
    __rt_lib_init_lc_collate_1               0x080001b3   Thumb Code     0  libinit2.o(.ARM.Collect$$libinit$$00000011)
    __rt_lib_init_lc_ctype_1                 0x080001b3   Thumb Code     0  libinit2.o(.ARM.Collect$$libinit$$00000013)
    __rt_lib_init_lc_monetary_1              0x080001b3   Thumb Code     0  libinit2.o(.ARM.Collect$$libinit$$00000015)
    __rt_lib_init_lc_numeric_1               0x080001b3   Thumb Code     0  libinit2.o(.ARM.Collect$$libinit$$00000017)
    __rt_lib_init_lc_time_1                  0x080001b3   Thumb Code     0  libinit2.o(.ARM.Collect$$libinit$$00000019)
    __rt_lib_init_preinit_1                  0x080001b3   Thumb Code     0  libinit2.o(.ARM.Collect$$libinit$$00000004)
    __rt_lib_init_rand_1                     0x080001b3   Thumb Code     0  libinit2.o(.ARM.Collect$$libinit$$0000000E)
    __rt_lib_init_return                     0x080001b3   Thumb Code     0  libinit2.o(.ARM.Collect$$libinit$$00000033)
    __rt_lib_init_signal_1                   0x080001b3   Thumb Code     0  libinit2.o(.ARM.Collect$$libinit$$0000001D)
    __rt_lib_init_stdio_1                    0x080001b3   Thumb Code     0  libinit2.o(.ARM.Collect$$libinit$$00000025)
    __rt_lib_init_user_alloc_1               0x080001b3   Thumb Code     0  libinit2.o(.ARM.Collect$$libinit$$0000000C)
    __rt_lib_shutdown                        0x080001b5   Thumb Code     0  libshutdown.o(.ARM.Collect$$libshutdown$$00000000)
    __rt_lib_shutdown_fp_trap_1              0x080001b7   Thumb Code     0  libshutdown2.o(.ARM.Collect$$libshutdown$$00000006)
    __rt_lib_shutdown_heap_1                 0x080001b7   Thumb Code     0  libshutdown2.o(.ARM.Collect$$libshutdown$$0000000E)
    __rt_lib_shutdown_return                 0x080001b7   Thumb Code     0  libshutdown2.o(.ARM.Collect$$libshutdown$$0000000F)
    __rt_lib_shutdown_signal_1               0x080001b7   Thumb Code     0  libshutdown2.o(.ARM.Collect$$libshutdown$$00000009)
    __rt_lib_shutdown_stdio_1                0x080001b7   Thumb Code     0  libshutdown2.o(.ARM.Collect$$libshutdown$$00000003)
    __rt_lib_shutdown_user_alloc_1           0x080001b7   Thumb Code     0  libshutdown2.o(.ARM.Collect$$libshutdown$$0000000B)
    __rt_entry                               0x080001b9   Thumb Code     0  __rtentry.o(.ARM.Collect$$rtentry$$00000000)
    __rt_entry_presh_1                       0x080001b9   Thumb Code     0  __rtentry2.o(.ARM.Collect$$rtentry$$00000002)
    __rt_entry_sh                            0x080001b9   Thumb Code     0  __rtentry4.o(.ARM.Collect$$rtentry$$00000004)
    __rt_entry_li                            0x080001bf   Thumb Code     0  __rtentry2.o(.ARM.Collect$$rtentry$$0000000A)
    __rt_entry_postsh_1                      0x080001bf   Thumb Code     0  __rtentry2.o(.ARM.Collect$$rtentry$$00000009)
    __rt_entry_main                          0x080001c3   Thumb Code     0  __rtentry2.o(.ARM.Collect$$rtentry$$0000000D)
    __rt_entry_postli_1                      0x080001c3   Thumb Code     0  __rtentry2.o(.ARM.Collect$$rtentry$$0000000C)
    __rt_exit                                0x080001cb   Thumb Code     0  rtexit.o(.ARM.Collect$$rtexit$$00000000)
    __rt_exit_ls                             0x080001cd   Thumb Code     0  rtexit2.o(.ARM.Collect$$rtexit$$00000003)
    __rt_exit_prels_1                        0x080001cd   Thumb Code     0  rtexit2.o(.ARM.Collect$$rtexit$$00000002)
    __rt_exit_exit                           0x080001d1   Thumb Code     0  rtexit2.o(.ARM.Collect$$rtexit$$00000004)
    WFI_SET                                  0x080001d9   Thumb Code     2  sys.o(.emb_text)
    Reset_Handler                            0x080001dd   Thumb Code     4  stm32f10x.o(.text)
    NMI_Handler                              0x080001e1   Thumb Code     2  stm32f10x.o(.text)
    HardFault_Handler                        0x080001e3   Thumb Code     2  stm32f10x.o(.text)
    MemManage_Handler                        0x080001e5   Thumb Code     2  stm32f10x.o(.text)
    BusFault_Handler                         0x080001e7   Thumb Code     2  stm32f10x.o(.text)
    UsageFault_Handler                       0x080001e9   Thumb Code     2  stm32f10x.o(.text)
    SVC_Handler                              0x080001eb   Thumb Code     2  stm32f10x.o(.text)
    DebugMon_Handler                         0x080001ed   Thumb Code     2  stm32f10x.o(.text)
    PendSV_Handler                           0x080001ef   Thumb Code     2  stm32f10x.o(.text)
    SysTick_Handler                          0x080001f1   Thumb Code     2  stm32f10x.o(.text)
    ADC_IRQHandler                           0x080001f3   Thumb Code     0  stm32f10x.o(.text)
    DMAChannel1_IRQHandler                   0x080001f3   Thumb Code     0  stm32f10x.o(.text)
    DMAChannel2_IRQHandler                   0x080001f3   Thumb Code     0  stm32f10x.o(.text)
    DMAChannel3_IRQHandler                   0x080001f3   Thumb Code     0  stm32f10x.o(.text)
    DMAChannel4_IRQHandler                   0x080001f3   Thumb Code     0  stm32f10x.o(.text)
    DMAChannel5_IRQHandler                   0x080001f3   Thumb Code     0  stm32f10x.o(.text)
    DMAChannel6_IRQHandler                   0x080001f3   Thumb Code     0  stm32f10x.o(.text)
    DMAChannel7_IRQHandler                   0x080001f3   Thumb Code     0  stm32f10x.o(.text)
    EXTI0_IRQHandler                         0x080001f3   Thumb Code     0  stm32f10x.o(.text)
    EXTI1_IRQHandler                         0x080001f3   Thumb Code     0  stm32f10x.o(.text)
    EXTI9_5_IRQHandler                       0x080001f3   Thumb Code     0  stm32f10x.o(.text)
    RTC_IRQHandler                           0x080001f3   Thumb Code     0  stm32f10x.o(.text)
    TIM3_IRQHandler                          0x080001f3   Thumb Code     0  stm32f10x.o(.text)
    WWDG_IRQHandler                          0x080001f3   Thumb Code     0  stm32f10x.o(.text)
    __user_initial_stackheap                 0x080001f5   Thumb Code     0  stm32f10x.o(.text)
    main                                     0x08000211   Thumb Code    84  test.o(.text)
    keyboard_send                            0x08000271   Thumb Code   114  keyboard.o(.text)
    char2port                                0x08000531   Thumb Code    62  keyboard.o(.text)
    keyboard_init                            0x0800056f   Thumb Code   716  keyboard.o(.text)
    str2pin                                  0x0800083b   Thumb Code    18  keyboard.o(.text)
    delay_init                               0x08000875   Thumb Code    56  delay.o(.text)
    delay_ms                                 0x080008ad   Thumb Code    56  delay.o(.text)
    delay_us                                 0x080008e5   Thumb Code    56  delay.o(.text)
    MY_NVIC_SetVectorTable                   0x08000925   Thumb Code    12  sys.o(.text)
    MY_NVIC_PriorityGroupConfig              0x08000931   Thumb Code    36  sys.o(.text)
    MY_NVIC_Init                             0x08000955   Thumb Code   144  sys.o(.text)
    Ex_NVIC_Config                           0x080009e5   Thumb Code   146  sys.o(.text)
    MYRCC_DeInit                             0x08000a77   Thumb Code    90  sys.o(.text)
    Sys_Standby                              0x08000ad1   Thumb Code    68  sys.o(.text)
    Sys_Soft_Reset                           0x08000b15   Thumb Code    12  sys.o(.text)
    JTAG_Set                                 0x08000b21   Thumb Code    42  sys.o(.text)
    Stm32_Clock_Init                         0x08000b4b   Thumb Code   134  sys.o(.text)
    _sys_exit                                0x08000c01   Thumb Code     6  usart.o(.text)
    fputc                                    0x08000c07   Thumb Code    24  usart.o(.text)
    uart_init                                0x08000c1f   Thumb Code   182  usart.o(.text)
    SCPE                                     0x08000ce5   Thumb Code    70  stm32lib.o(.text)
    atoi                                     0x08000d2b   Thumb Code    98  stm32lib.o(.text)
    max                                      0x08000d8d   Thumb Code    34  stm32lib.o(.text)
    IOConfig                                 0x08000daf   Thumb Code    56  stm32lib.o(.text)
    zhongduanConfig                          0x08000de7   Thumb Code    20  stm32lib.o(.text)
    usart2putchar                            0x08000dfb   Thumb Code     6  stm32lib.o(.text)
    delay_s                                  0x08000e01   Thumb Code    24  stm32lib.o(.text)
    waibuzhongduanConfig                     0x08000e19   Thumb Code   212  stm32lib.o(.text)
    SPIRW                                    0x08000eed   Thumb Code    70  stm32lib.o(.text)
    SPIInit                                  0x08000f33   Thumb Code   136  stm32lib.o(.text)
    mprintf                                  0x08000fbb   Thumb Code   594  stm32lib.o(.text)
    StringToInt                              0x0800120d   Thumb Code    56  stm32lib.o(.text)
    min                                      0x08001245   Thumb Code    38  stm32lib.o(.text)
    value2pos                                0x0800126b   Thumb Code    34  stm32lib.o(.text)
    pos2value                                0x0800128d   Thumb Code     8  stm32lib.o(.text)
    USART1_IRQHandler                        0x08001299   Thumb Code     6  commu.o(.text)
    commu_Init                               0x0800129f   Thumb Code   232  commu.o(.text)
    SPI1_ReadWriteByte                       0x08001387   Thumb Code    44  commu.o(.text)
    SPI1_ReadByte                            0x080013b3   Thumb Code   100  commu.o(.text)
    data_process                             0x08001417   Thumb Code   346  commu.o(.text)
    SPI1_IRQHandler                          0x08001571   Thumb Code    38  commu.o(.text)
    SPI_Flash_Read                           0x08001597   Thumb Code     2  commu.o(.text)
    SPI_Flash_Write                          0x08001599   Thumb Code     2  commu.o(.text)
    SD_ReadDisk                              0x0800159b   Thumb Code     6  commu.o(.text)
    SD_WriteDisk                             0x080015a1   Thumb Code     6  commu.o(.text)
    mouse_process                            0x080015f9   Thumb Code    30  usb_process.o(.text)
    keyborad_process                         0x08001617   Thumb Code    30  usb_process.o(.text)
    Standard_GetConfiguration                0x0800163d   Thumb Code    34  usb_core.o(.text)
    Standard_SetConfiguration                0x0800165f   Thumb Code    60  usb_core.o(.text)
    Standard_GetInterface                    0x0800169b   Thumb Code    34  usb_core.o(.text)
    Standard_SetInterface                    0x080016bd   Thumb Code    96  usb_core.o(.text)
    Standard_GetStatus                       0x0800171d   Thumb Code   224  usb_core.o(.text)
    Standard_ClearFeature                    0x080017fd   Thumb Code   326  usb_core.o(.text)
    Standard_SetEndPointFeature              0x08001943   Thumb Code   176  usb_core.o(.text)
    Standard_SetDeviceFeature                0x080019f3   Thumb Code    30  usb_core.o(.text)
    Standard_GetDescriptorData               0x08001a11   Thumb Code    62  usb_core.o(.text)
    Post0_Process                            0x08001f6d   Thumb Code    54  usb_core.o(.text)
    Setup0_Process                           0x08001fa3   Thumb Code   162  usb_core.o(.text)
    SetDeviceAddress                         0x08002045   Thumb Code    64  usb_core.o(.text)
    In0_Process                              0x08002085   Thumb Code    98  usb_core.o(.text)
    Out0_Process                             0x080020e7   Thumb Code    70  usb_core.o(.text)
    NOP_Process                              0x0800212d   Thumb Code     2  usb_core.o(.text)
    USB_Init                                 0x0800215d   Thumb Code    36  usb_init.o(.text)
    CTR_LP                                   0x08002199   Thumb Code   774  usb_int.o(.text)
    CTR_HP                                   0x0800249f   Thumb Code   174  usb_int.o(.text)
    UserToPMABufferCopy                      0x0800256d   Thumb Code    52  usb_mem.o(.text)
    PMAToUserBufferCopy                      0x080025a1   Thumb Code    34  usb_mem.o(.text)
    SetCNTR                                  0x080025c9   Thumb Code     6  usb_regs.o(.text)
    GetCNTR                                  0x080025cf   Thumb Code     8  usb_regs.o(.text)
    SetISTR                                  0x080025d7   Thumb Code     8  usb_regs.o(.text)
    GetISTR                                  0x080025df   Thumb Code    10  usb_regs.o(.text)
    GetFNR                                   0x080025e9   Thumb Code    10  usb_regs.o(.text)
    SetDADDR                                 0x080025f3   Thumb Code     8  usb_regs.o(.text)
    GetDADDR                                 0x080025fb   Thumb Code    10  usb_regs.o(.text)
    SetBTABLE                                0x08002605   Thumb Code    14  usb_regs.o(.text)
    GetBTABLE                                0x08002613   Thumb Code    10  usb_regs.o(.text)
    SetENDPOINT                              0x0800261d   Thumb Code    12  usb_regs.o(.text)
    GetENDPOINT                              0x08002629   Thumb Code    16  usb_regs.o(.text)
    SetEPType                                0x08002639   Thumb Code    32  usb_regs.o(.text)
    GetEPType                                0x08002659   Thumb Code    18  usb_regs.o(.text)
    SetEPTxStatus                            0x0800266b   Thumb Code    52  usb_regs.o(.text)
    SetEPRxStatus                            0x0800269f   Thumb Code    52  usb_regs.o(.text)
    SetDouBleBuffEPStall                     0x080026d3   Thumb Code    54  usb_regs.o(.text)
    GetEPTxStatus                            0x08002709   Thumb Code    18  usb_regs.o(.text)
    GetEPRxStatus                            0x0800271b   Thumb Code    18  usb_regs.o(.text)
    SetEPTxValid                             0x0800272d   Thumb Code    38  usb_regs.o(.text)
    SetEPRxValid                             0x08002753   Thumb Code    38  usb_regs.o(.text)
    SetEP_KIND                               0x08002779   Thumb Code    32  usb_regs.o(.text)
    ClearEP_KIND                             0x08002799   Thumb Code    28  usb_regs.o(.text)
    Clear_Status_Out                         0x080027b5   Thumb Code    28  usb_regs.o(.text)
    Set_Status_Out                           0x080027d1   Thumb Code    32  usb_regs.o(.text)
    SetEPDoubleBuff                          0x080027f1   Thumb Code    32  usb_regs.o(.text)
    ClearEPDoubleBuff                        0x08002811   Thumb Code    28  usb_regs.o(.text)
    GetTxStallStatus                         0x0800282d   Thumb Code    28  usb_regs.o(.text)
    GetRxStallStatus                         0x08002849   Thumb Code    30  usb_regs.o(.text)
    ClearEP_CTR_RX                           0x08002867   Thumb Code    32  usb_regs.o(.text)
    ClearEP_CTR_TX                           0x08002887   Thumb Code    28  usb_regs.o(.text)
    ToggleDTOG_RX                            0x080028a3   Thumb Code    32  usb_regs.o(.text)
    ToggleDTOG_TX                            0x080028c3   Thumb Code    32  usb_regs.o(.text)
    ClearDTOG_RX                             0x080028e3   Thumb Code    46  usb_regs.o(.text)
    ClearDTOG_TX                             0x08002911   Thumb Code    46  usb_regs.o(.text)
    SetEPAddress                             0x0800293f   Thumb Code    32  usb_regs.o(.text)
    GetEPAddress                             0x0800295f   Thumb Code    18  usb_regs.o(.text)
    SetEPTxAddr                              0x08002971   Thumb Code    26  usb_regs.o(.text)
    SetEPRxAddr                              0x0800298b   Thumb Code    42  usb_regs.o(.text)
    GetEPTxAddr                              0x080029b5   Thumb Code    22  usb_regs.o(.text)
    GetEPRxAddr                              0x080029cb   Thumb Code    24  usb_regs.o(.text)
    SetEPTxCount                             0x080029e3   Thumb Code    20  usb_regs.o(.text)
    SetEPCountRxReg                          0x080029f7   Thumb Code    48  usb_regs.o(.text)
    SetEPRxCount                             0x08002a27   Thumb Code    68  usb_regs.o(.text)
    GetEPTxCount                             0x08002a6b   Thumb Code    26  usb_regs.o(.text)
    GetEPRxCount                             0x08002a85   Thumb Code    26  usb_regs.o(.text)
    SetEPDblBuffAddr                         0x08002a9f   Thumb Code    44  usb_regs.o(.text)
    SetEPDblBuf0Addr                         0x08002acb   Thumb Code    24  usb_regs.o(.text)
    SetEPDblBuf1Addr                         0x08002ae3   Thumb Code    26  usb_regs.o(.text)
    GetEPDblBuf0Addr                         0x08002afd   Thumb Code    22  usb_regs.o(.text)
    GetEPDblBuf1Addr                         0x08002b13   Thumb Code    24  usb_regs.o(.text)
    SetEPDblBuffCount                        0x08002b2b   Thumb Code   186  usb_regs.o(.text)
    SetEPDblBuf0Count                        0x08002be5   Thumb Code    96  usb_regs.o(.text)
    SetEPDblBuf1Count                        0x08002c45   Thumb Code    96  usb_regs.o(.text)
    GetEPDblBuf0Count                        0x08002ca5   Thumb Code    26  usb_regs.o(.text)
    GetEPDblBuf1Count                        0x08002cbf   Thumb Code    26  usb_regs.o(.text)
    GetEPDblBufDir                           0x08002cd9   Thumb Code    62  usb_regs.o(.text)
    FreeUserBuffer                           0x08002d17   Thumb Code    74  usb_regs.o(.text)
    ToWord                                   0x08002d61   Thumb Code     8  usb_regs.o(.text)
    ByteSwap                                 0x08002d69   Thumb Code    12  usb_regs.o(.text)
    USB_Cable_Init                           0x08002d81   Thumb Code    26  usb_hw.o(.text)
    USB_Cable_Config                         0x08002d9b   Thumb Code    20  usb_hw.o(.text)
    Set_USBClock                             0x08002db9   Thumb Code    24  hw_config.o(.text)
    Enter_LowPowerMode                       0x08002dd1   Thumb Code     8  hw_config.o(.text)
    Leave_LowPowerMode                       0x08002dd9   Thumb Code    22  hw_config.o(.text)
    USB_Interrupts_Config                    0x08002def   Thumb Code    56  hw_config.o(.text)
    MAL_Config                               0x08002e27   Thumb Code    10  hw_config.o(.text)
    USB_Disconnect_Config                    0x08002e31   Thumb Code     2  hw_config.o(.text)
    Joystick_Send                            0x08002e33   Thumb Code    66  hw_config.o(.text)
    Get_SerialNum                            0x08002e75   Thumb Code    62  hw_config.o(.text)
    NMIException                             0x08002ecd   Thumb Code     2  stm32f10x_it.o(.text)
    HardFaultException                       0x08002ecf   Thumb Code     4  stm32f10x_it.o(.text)
    MemManageException                       0x08002ed3   Thumb Code     4  stm32f10x_it.o(.text)
    BusFaultException                        0x08002ed7   Thumb Code     4  stm32f10x_it.o(.text)
    UsageFaultException                      0x08002edb   Thumb Code     4  stm32f10x_it.o(.text)
    DebugMonitor                             0x08002edf   Thumb Code     2  stm32f10x_it.o(.text)
    SVCHandler                               0x08002ee1   Thumb Code     2  stm32f10x_it.o(.text)
    PendSVC                                  0x08002ee3   Thumb Code     2  stm32f10x_it.o(.text)
    SysTickHandler                           0x08002ee5   Thumb Code     2  stm32f10x_it.o(.text)
    PVD_IRQHandler                           0x08002ee7   Thumb Code     2  stm32f10x_it.o(.text)
    TAMPER_IRQHandler                        0x08002ee9   Thumb Code     2  stm32f10x_it.o(.text)
    FLASH_IRQHandler                         0x08002eeb   Thumb Code     2  stm32f10x_it.o(.text)
    RCC_IRQHandler                           0x08002eed   Thumb Code     2  stm32f10x_it.o(.text)
    EXTI2_IRQHandler                         0x08002eef   Thumb Code     2  stm32f10x_it.o(.text)
    EXTI3_IRQHandler                         0x08002ef1   Thumb Code     2  stm32f10x_it.o(.text)
    EXTI4_IRQHandler                         0x08002ef3   Thumb Code     2  stm32f10x_it.o(.text)
    DMA1_Channel1_IRQHandler                 0x08002ef5   Thumb Code     2  stm32f10x_it.o(.text)
    DMA1_Channel2_IRQHandler                 0x08002ef7   Thumb Code     2  stm32f10x_it.o(.text)
    DMA1_Channel3_IRQHandler                 0x08002ef9   Thumb Code     2  stm32f10x_it.o(.text)
    DMA1_Channel4_IRQHandler                 0x08002efb   Thumb Code     2  stm32f10x_it.o(.text)
    DMA1_Channel5_IRQHandler                 0x08002efd   Thumb Code     2  stm32f10x_it.o(.text)
    DMA1_Channel6_IRQHandler                 0x08002eff   Thumb Code     2  stm32f10x_it.o(.text)
    DMA1_Channel7_IRQHandler                 0x08002f01   Thumb Code     2  stm32f10x_it.o(.text)
    ADC1_2_IRQHandler                        0x08002f03   Thumb Code     2  stm32f10x_it.o(.text)
    USB_HP_CAN_TX_IRQHandler                 0x08002f05   Thumb Code     2  stm32f10x_it.o(.text)
    USB_LP_CAN_RX0_IRQHandler                0x08002f07   Thumb Code     8  stm32f10x_it.o(.text)
    CAN_RX1_IRQHandler                       0x08002f0f   Thumb Code     2  stm32f10x_it.o(.text)
    CAN_SCE_IRQHandler                       0x08002f11   Thumb Code     2  stm32f10x_it.o(.text)
    TIM1_BRK_IRQHandler                      0x08002f13   Thumb Code     2  stm32f10x_it.o(.text)
    TIM1_UP_IRQHandler                       0x08002f15   Thumb Code     2  stm32f10x_it.o(.text)
    TIM1_TRG_COM_IRQHandler                  0x08002f17   Thumb Code     2  stm32f10x_it.o(.text)
    TIM1_CC_IRQHandler                       0x08002f19   Thumb Code     2  stm32f10x_it.o(.text)
    TIM2_IRQHandler                          0x08002f1b   Thumb Code     2  stm32f10x_it.o(.text)
    TIM4_IRQHandler                          0x08002f1d   Thumb Code     2  stm32f10x_it.o(.text)
    I2C1_EV_IRQHandler                       0x08002f1f   Thumb Code     2  stm32f10x_it.o(.text)
    I2C1_ER_IRQHandler                       0x08002f21   Thumb Code     2  stm32f10x_it.o(.text)
    I2C2_EV_IRQHandler                       0x08002f23   Thumb Code     2  stm32f10x_it.o(.text)
    I2C2_ER_IRQHandler                       0x08002f25   Thumb Code     2  stm32f10x_it.o(.text)
    SPI2_IRQHandler                          0x08002f27   Thumb Code     2  stm32f10x_it.o(.text)
    USART2_IRQHandler                        0x08002f29   Thumb Code     2  stm32f10x_it.o(.text)
    USART3_IRQHandler                        0x08002f2b   Thumb Code     2  stm32f10x_it.o(.text)
    EXTI15_10_IRQHandler                     0x08002f2d   Thumb Code     2  stm32f10x_it.o(.text)
    RTCAlarm_IRQHandler                      0x08002f2f   Thumb Code     2  stm32f10x_it.o(.text)
    USBWakeUp_IRQHandler                     0x08002f31   Thumb Code    14  stm32f10x_it.o(.text)
    TIM8_BRK_IRQHandler                      0x08002f3f   Thumb Code     2  stm32f10x_it.o(.text)
    TIM8_UP_IRQHandler                       0x08002f41   Thumb Code     2  stm32f10x_it.o(.text)
    TIM8_TRG_COM_IRQHandler                  0x08002f43   Thumb Code     2  stm32f10x_it.o(.text)
    TIM8_CC_IRQHandler                       0x08002f45   Thumb Code     2  stm32f10x_it.o(.text)
    ADC3_IRQHandler                          0x08002f47   Thumb Code     2  stm32f10x_it.o(.text)
    FSMC_IRQHandler                          0x08002f49   Thumb Code     2  stm32f10x_it.o(.text)
    SDIO_IRQHandler                          0x08002f4b   Thumb Code     2  stm32f10x_it.o(.text)
    TIM5_IRQHandler                          0x08002f4d   Thumb Code     2  stm32f10x_it.o(.text)
    SPI3_IRQHandler                          0x08002f4f   Thumb Code     2  stm32f10x_it.o(.text)
    UART4_IRQHandler                         0x08002f51   Thumb Code     2  stm32f10x_it.o(.text)
    UART5_IRQHandler                         0x08002f53   Thumb Code     2  stm32f10x_it.o(.text)
    TIM6_IRQHandler                          0x08002f55   Thumb Code     2  stm32f10x_it.o(.text)
    TIM7_IRQHandler                          0x08002f57   Thumb Code     2  stm32f10x_it.o(.text)
    DMA2_Channel1_IRQHandler                 0x08002f59   Thumb Code     2  stm32f10x_it.o(.text)
    DMA2_Channel2_IRQHandler                 0x08002f5b   Thumb Code     2  stm32f10x_it.o(.text)
    DMA2_Channel3_IRQHandler                 0x08002f5d   Thumb Code     2  stm32f10x_it.o(.text)
    DMA2_Channel4_5_IRQHandler               0x08002f5f   Thumb Code     2  stm32f10x_it.o(.text)
    USB_Istr                                 0x08002f65   Thumb Code   222  usb_istr.o(.text)
    EP1_IN_Callback                          0x08003043   Thumb Code     8  usb_istr.o(.text)
    EP2_IN_Callback                          0x0800304b   Thumb Code     8  usb_istr.o(.text)
    EP1_OUT_Callback                         0x08003053   Thumb Code    10  usb_istr.o(.text)
    EP3_IN_Callback                          0x0800305d   Thumb Code     8  usb_istr.o(.text)
    EP5_IN_Callback                          0x08003065   Thumb Code     8  usb_istr.o(.text)
    EP7_OUT_Callback                         0x0800306d   Thumb Code    36  usb_istr.o(.text)
    EP4_OUT_Callback                         0x08003091   Thumb Code     8  usb_istr.o(.text)
    Joystick_init                            0x080030c5   Thumb Code    50  usb_prop.o(.text)
    Joystick_Reset                           0x080030f7   Thumb Code   306  usb_prop.o(.text)
    Joystick_SetConfiguration                0x08003229   Thumb Code    36  usb_prop.o(.text)
    Joystick_SetDeviceAddress                0x0800324d   Thumb Code     8  usb_prop.o(.text)
    Joystick_Status_In                       0x08003255   Thumb Code     2  usb_prop.o(.text)
    Joystick_Status_Out                      0x08003257   Thumb Code     2  usb_prop.o(.text)
    Get_Max_Lun                              0x08003259   Thumb Code    20  usb_prop.o(.text)
    Joystick_GetProtocolValue                0x0800326d   Thumb Code    20  usb_prop.o(.text)
    Mouse_GetHIDDescriptor                   0x08003281   Thumb Code    14  usb_prop.o(.text)
    KP_GetHIDDescriptor                      0x0800328f   Thumb Code    14  usb_prop.o(.text)
    Mouse_GetReportDescriptor                0x0800329d   Thumb Code    20  usb_prop.o(.text)
    KP_GetReportDescriptor                   0x080032b1   Thumb Code    14  usb_prop.o(.text)
    Joystick_Data_Setup                      0x080032bf   Thumb Code   200  usb_prop.o(.text)
    Joystick_SetProtocol                     0x08003387   Thumb Code    14  usb_prop.o(.text)
    Joystick_NoData_Setup                    0x08003395   Thumb Code   100  usb_prop.o(.text)
    Joystick_GetDeviceDescriptor             0x080033f9   Thumb Code    14  usb_prop.o(.text)
    Joystick_GetConfigDescriptor             0x08003407   Thumb Code    14  usb_prop.o(.text)
    Joystick_GetStringDescriptor             0x08003415   Thumb Code    32  usb_prop.o(.text)
    Joystick_Get_Interface_Setting           0x08003435   Thumb Code    22  usb_prop.o(.text)
    Joystick_ClearFeature                    0x0800344b   Thumb Code    20  usb_prop.o(.text)
    PowerOn                                  0x080034ad   Thumb Code    58  usb_pwr.o(.text)
    PowerOff                                 0x080034e7   Thumb Code    28  usb_pwr.o(.text)
    Suspend                                  0x08003503   Thumb Code    34  usb_pwr.o(.text)
    Resume_Init                              0x08003525   Thumb Code    30  usb_pwr.o(.text)
    Resume                                   0x08003543   Thumb Code   168  usb_pwr.o(.text)
    MAL_Init                                 0x080035f9   Thumb Code    26  mass_mal.o(.text)
    MAL_Write                                0x08003613   Thumb Code    58  mass_mal.o(.text)
    MAL_Read                                 0x0800364d   Thumb Code    58  mass_mal.o(.text)
    MAL_GetStatus                            0x08003687   Thumb Code    30  mass_mal.o(.text)
    Set_CSW                                  0x080036a5   Thumb Code    54  usb_bot.o(.text)
    Mass_Storage_In                          0x080036db   Thumb Code   124  usb_bot.o(.text)
    Bot_Abort                                0x08003757   Thumb Code    64  usb_bot.o(.text)
    CBW_Decode                               0x08003797   Thumb Code   676  usb_bot.o(.text)
    Mass_Storage_Out                         0x08003a3b   Thumb Code   198  usb_bot.o(.text)
    Transfer_Data_Request                    0x08003b01   Thumb Code    54  usb_bot.o(.text)
    SCSI_Inquiry_Cmd                         0x08003b45   Thumb Code    54  usb_scsi.o(.text)
    Set_Scsi_Sense_Data                      0x08003b7b   Thumb Code     8  usb_scsi.o(.text)
    SCSI_ReadFormatCapacity_Cmd              0x08003b83   Thumb Code   120  usb_scsi.o(.text)
    SCSI_ReadCapacity10_Cmd                  0x08003bfb   Thumb Code   138  usb_scsi.o(.text)
    SCSI_ModeSense6_Cmd                      0x08003c85   Thumb Code    14  usb_scsi.o(.text)
    SCSI_ModeSense10_Cmd                     0x08003c93   Thumb Code    14  usb_scsi.o(.text)
    SCSI_RequestSense_Cmd                    0x08003ca1   Thumb Code    30  usb_scsi.o(.text)
    SCSI_Start_Stop_Unit_Cmd                 0x08003cbf   Thumb Code    14  usb_scsi.o(.text)
    SCSI_Address_Management                  0x08003ccd   Thumb Code   126  usb_scsi.o(.text)
    SCSI_Read10_Cmd                          0x08003d4b   Thumb Code   110  usb_scsi.o(.text)
    SCSI_Write10_Cmd                         0x08003db9   Thumb Code   110  usb_scsi.o(.text)
    SCSI_Verify10_Cmd                        0x08003e27   Thumb Code    58  usb_scsi.o(.text)
    SCSI_Valid_Cmd                           0x08003e61   Thumb Code    48  usb_scsi.o(.text)
    SCSI_TestUnitReady_Cmd                   0x08003e91   Thumb Code    52  usb_scsi.o(.text)
    SCSI_Format_Cmd                          0x08003ec5   Thumb Code    44  usb_scsi.o(.text)
    SCSI_Invalid_Cmd                         0x08003ef1   Thumb Code   112  usb_scsi.o(.text)
    Read_Memory                              0x08003f61   Thumb Code   244  memory.o(.text)
    Write_Memory                             0x08004055   Thumb Code   268  memory.o(.text)
    __use_no_semihosting                     0x080041a1   Thumb Code     2  use_no_semi_2.o(.text)
    __2printf                                0x080041a5   Thumb Code    20  noretval__2printf.o(.text)
    _printf_pre_padding                      0x080041bd   Thumb Code    44  _printf_pad.o(.text)
    _printf_post_padding                     0x080041e9   Thumb Code    34  _printf_pad.o(.text)
    _printf_str                              0x0800420b   Thumb Code    82  _printf_str.o(.text)
    _printf_int_dec                          0x0800425d   Thumb Code   104  _printf_dec.o(.text)
    __printf                                 0x080042d5   Thumb Code   352  __printf_ss_wp.o(.text)
    putc                                     0x08004435   Thumb Code     4  putc.o(.text)
    __use_two_region_memory                  0x08004439   Thumb Code     2  heapauxi.o(.text)
    __rt_heap_escrow$2region                 0x0800443b   Thumb Code     2  heapauxi.o(.text)
    __rt_heap_expand$2region                 0x0800443d   Thumb Code     2  heapauxi.o(.text)
    __I$use$semihosting                      0x0800443f   Thumb Code     0  use_no_semi.o(.text)
    __use_no_semihosting_swi                 0x0800443f   Thumb Code     2  use_no_semi.o(.text)
    _printf_int_common                       0x08004441   Thumb Code   178  _printf_intcommon.o(.text)
    _printf_cs_common                        0x080044f3   Thumb Code    20  _printf_char.o(.text)
    _printf_char                             0x08004507   Thumb Code    16  _printf_char.o(.text)
    _printf_string                           0x08004517   Thumb Code     8  _printf_char.o(.text)
    _printf_char_file                        0x08004521   Thumb Code    32  _printf_char_file.o(.text)
    _printf_char_common                      0x0800454f   Thumb Code    32  _printf_char_common.o(.text)
    ferror                                   0x08004575   Thumb Code     8  ferror.o(.text)
    __user_setup_stackheap                   0x0800457d   Thumb Code    74  sys_stackheap_outer.o(.text)
    exit                                     0x080045c7   Thumb Code    12  exit.o(.text)
    __user_libspace                          0x080045d5   Thumb Code     8  libspace.o(.text)
    __user_perproc_libspace                  0x080045d5   Thumb Code     0  libspace.o(.text)
    __user_perthread_libspace                0x080045d5   Thumb Code     0  libspace.o(.text)
    _is_digit                                0x080045dd   Thumb Code    14  __printf_wp.o(i._is_digit)
    __aeabi_fadd                             0x080045ed   Thumb Code     0  faddsub_clz.o(x$fpl$fadd)
    _fadd                                    0x080045ed   Thumb Code   196  faddsub_clz.o(x$fpl$fadd)
    __aeabi_fdiv                             0x080046b1   Thumb Code     0  fdiv.o(x$fpl$fdiv)
    _fdiv                                    0x080046b1   Thumb Code   384  fdiv.o(x$fpl$fdiv)
    __aeabi_f2uiz                            0x08004835   Thumb Code     0  ffixu.o(x$fpl$ffixu)
    _ffixu                                   0x08004835   Thumb Code    62  ffixu.o(x$fpl$ffixu)
    __aeabi_ui2f                             0x08004875   Thumb Code     0  fflt_clz.o(x$fpl$ffltu)
    _ffltu                                   0x08004875   Thumb Code    38  fflt_clz.o(x$fpl$ffltu)
    __aeabi_fmul                             0x0800489d   Thumb Code     0  fmul.o(x$fpl$fmul)
    _fmul                                    0x0800489d   Thumb Code   258  fmul.o(x$fpl$fmul)
    __fpl_fnaninf                            0x0800499f   Thumb Code   140  fnaninf.o(x$fpl$fnaninf)
    __fpl_fretinf                            0x08004a2b   Thumb Code    10  fretinf.o(x$fpl$fretinf)
    __aeabi_frsub                            0x08004a35   Thumb Code     0  faddsub_clz.o(x$fpl$frsb)
    _frsb                                    0x08004a35   Thumb Code    20  faddsub_clz.o(x$fpl$frsb)
    __aeabi_fsub                             0x08004a49   Thumb Code     0  faddsub_clz.o(x$fpl$fsub)
    _fsub                                    0x08004a49   Thumb Code   234  faddsub_clz.o(x$fpl$fsub)
    Joystick_DeviceDescriptor                0x08004b32   Data          18  usb_desc.o(.constdata)
    __I$use$fp                               0x08004b32   Number         0  usenofp.o(x$fpl$usenofp)
    Joystick_ConfigDescriptor                0x08004b44   Data          89  usb_desc.o(.constdata)
    KeyboardReportDescriptor                 0x08004b9d   Data          63  usb_desc.o(.constdata)
    MouseReportDescriptor                    0x08004bdc   Data          54  usb_desc.o(.constdata)
    Joystick_StringLangID                    0x08004c12   Data           4  usb_desc.o(.constdata)
    Joystick_StringVendor                    0x08004c16   Data          38  usb_desc.o(.constdata)
    Joystick_StringProduct                   0x08004c3c   Data          30  usb_desc.o(.constdata)
    Region$$Table$$Base                      0x08004c5c   Number         0  anon$$obj.o(Region$$Table)
    Region$$Table$$Limit                     0x08004c7c   Number         0  anon$$obj.o(Region$$Table)
    key_index                                0x20000000   Data          70  keyboard.o(.data)
    cols                                     0x20000046   Data          33  keyboard.o(.data)
    rows                                     0x20000067   Data          11  keyboard.o(.data)
    __stdout                                 0x20000078   Data           4  usart.o(.data)
    commu_lenth                              0x2000007c   Data           4  commu.o(.data)
    commu_flag                               0x20000080   Data           1  commu.o(.data)
    sector_addr                              0x20000084   Data           4  commu.o(.data)
    sector_buf                               0x20000088   Data           4  commu.o(.data)
    ptr_write                                0x2000008c   Data           1  commu.o(.data)
    ptr_read                                 0x2000008d   Data           1  commu.o(.data)
    commuing_flag                            0x2000008e   Data           1  commu.o(.data)
    Slave_Temp                               0x2000008f   Data           1  commu.o(.data)
    flash_finish                             0x20000094   Data           4  commu.o(.data)
    StatusInfo                               0x200000ac   Data           2  usb_core.o(.data)
    Data_Mul_MaxPacketSize                   0x200000ae   Data           1  usb_core.o(.data)
    EPindex                                  0x200000b0   Data           1  usb_init.o(.data)
    pInformation                             0x200000b4   Data           4  usb_init.o(.data)
    pProperty                                0x200000b8   Data           4  usb_init.o(.data)
    SaveState                                0x200000bc   Data           2  usb_init.o(.data)
    wInterrupt_Mask                          0x200000be   Data           2  usb_init.o(.data)
    pUser_Standard_Requests                  0x200000c0   Data           4  usb_init.o(.data)
    SaveRState                               0x200000c4   Data           2  usb_int.o(.data)
    SaveTState                               0x200000c6   Data           2  usb_int.o(.data)
    dev_sel                                  0x200000c8   Data           1  usb_desc.o(.data)
    Joystick_StringSerial                    0x200000c9   Data          26  usb_desc.o(.data)
    wIstr                                    0x200000e4   Data           2  usb_istr.o(.data)
    bIntPackSOF                              0x200000e6   Data           1  usb_istr.o(.data)
    pEpInt_IN                                0x200000e8   Data          28  usb_istr.o(.data)
    pEpInt_OUT                               0x20000104   Data          28  usb_istr.o(.data)
    EP1BUSY                                  0x20000120   Data           1  usb_istr.o(.data)
    EP2BUSY                                  0x20000121   Data           1  usb_istr.o(.data)
    count_out                                0x20000124   Data           4  usb_istr.o(.data)
    count_in                                 0x20000128   Data           4  usb_istr.o(.data)
    ProtocolValue                            0x2000012c   Data           4  usb_prop.o(.data)
    Max_Lun                                  0x20000130   Data           4  usb_prop.o(.data)
    Device_Table                             0x20000134   Data           2  usb_prop.o(.data)
    Device_Property                          0x20000138   Data          48  usb_prop.o(.data)
    User_Standard_Requests                   0x20000168   Data          36  usb_prop.o(.data)
    Device_Descriptor                        0x2000018c   Data           8  usb_prop.o(.data)
    Config_Descriptor                        0x20000194   Data           8  usb_prop.o(.data)
    KP_Report_Descriptor                     0x2000019c   Data           8  usb_prop.o(.data)
    KP_Hid_Descriptor                        0x200001a4   Data           8  usb_prop.o(.data)
    Mouse_Report_Descriptor                  0x200001ac   Data           8  usb_prop.o(.data)
    Mouse_Hid_Descriptor                     0x200001b4   Data           8  usb_prop.o(.data)
    String_Descriptor                        0x200001bc   Data          40  usb_prop.o(.data)
    INIT_OK                                  0x200001e4   Data           1  usb_prop.o(.data)
    bDeviceState                             0x200001e8   Data           4  usb_pwr.o(.data)
    fSuspendEnabled                          0x200001ec   Data           1  usb_pwr.o(.data)
    ResumeS                                  0x200001ed   Data           2  usb_pwr.o(.data)
    Mass_Memory_Size                         0x200001f0   Data           8  mass_mal.o(.data)
    Mass_Block_Size                          0x200001f8   Data           4  mass_mal.o(.data)
    Mass_Block_Count                         0x200001fc   Data           4  mass_mal.o(.data)
    Bot_State                                0x20000200   Data           1  usb_bot.o(.data)
    Data_Len                                 0x20000202   Data           2  usb_bot.o(.data)
    SCSI_LBA                                 0x20000204   Data           4  usb_bot.o(.data)
    SCSI_BlkLen                              0x20000208   Data           4  usb_bot.o(.data)
    Block_Read_count                         0x2000020c   Data           4  memory.o(.data)
    Block_offset                             0x20000210   Data           4  memory.o(.data)
    Counter                                  0x20000214   Data           4  memory.o(.data)
    Idx                                      0x20000218   Data           4  memory.o(.data)
    TransferState                            0x2000021c   Data           1  memory.o(.data)
    USB_STATUS_REG                           0x2000021d   Data           1  memory.o(.data)
    Page00_Inquiry_Data                      0x20000230   Data           5  scsi_data.o(.data)
    Standard_Inquiry_Data                    0x20000235   Data          37  scsi_data.o(.data)
    Standard_Inquiry_Data2                   0x2000025a   Data          36  scsi_data.o(.data)
    Mode_Sense6_data                         0x2000027e   Data           4  scsi_data.o(.data)
    Mode_Sense10_data                        0x20000282   Data           8  scsi_data.o(.data)
    Scsi_Sense_Data                          0x2000028a   Data          18  scsi_data.o(.data)
    ReadCapacity10_Data                      0x2000029c   Data           8  scsi_data.o(.data)
    ReadFormatCapacity_Data                  0x200002a4   Data          12  scsi_data.o(.data)
    keyboard_gpio_rows                       0x200002b0   Data          60  keyboard.o(.bss)
    keyboard_gpio_cols                       0x200002ec   Data         168  keyboard.o(.bss)
    key_val                                  0x20000394   Data          10  keyboard.o(.bss)
    commu_buf                                0x2000039e   Data        1000  commu.o(.bss)
    Device_Info                              0x20000788   Data          28  usb_init.o(.bss)
    buffer_out                               0x200007a4   Data          64  usb_istr.o(.bss)
    Bulk_Data_Buff                           0x200007e4   Data          64  usb_bot.o(.bss)
    CBW                                      0x20000824   Data          32  usb_bot.o(.bss)
    CSW                                      0x20000844   Data          16  usb_bot.o(.bss)
    Data_Buffer                              0x20000854   Data         512  memory.o(.bss)
    __libspace_start                         0x20000a54   Data          96  libspace.o(.bss)
    __temporary_stack_top$libspace           0x20000ab4   Data           0  libspace.o(.bss)



==============================================================================

Memory Map of the image

  Image Entry point : 0x080000ed

  Load Region LR_IROM1 (Base: 0x08000000, Size: 0x00004f2c, Max: 0x00020000, ABSOLUTE, COMPRESSED[0x00004dcc])

    Execution Region ER_IROM1 (Base: 0x08000000, Size: 0x00004c7c, Max: 0x00020000, ABSOLUTE)

    Base Addr    Size         Type   Attr      Idx    E Section Name        Object

    0x08000000   0x000000ec   Data   RO            3    RESET               stm32f10x.o
    0x080000ec   0x00000008   Code   RO          665  * !!!main             c_w.l(__main.o)
    0x080000f4   0x00000034   Code   RO          863    !!!scatter          c_w.l(__scatter.o)
    0x08000128   0x0000005a   Code   RO          861    !!dczerorl2         c_w.l(__dczerorl2.o)
    0x08000182   0x00000002   PAD
    0x08000184   0x0000001c   Code   RO          865    !!handler_zi        c_w.l(__scatter_zi.o)
    0x080001a0   0x00000000   Code   RO          660    .ARM.Collect$$_printf_percent$$00000000  c_w.l(_printf_percent.o)
    0x080001a0   0x00000006   Code   RO          659    .ARM.Collect$$_printf_percent$$00000009  c_w.l(_printf_d.o)
    0x080001a6   0x00000006   Code   RO          658    .ARM.Collect$$_printf_percent$$00000013  c_w.l(_printf_c.o)
    0x080001ac   0x00000004   Code   RO          698    .ARM.Collect$$_printf_percent$$00000017  c_w.l(_printf_percent_end.o)
    0x080001b0   0x00000002   Code   RO          736    .ARM.Collect$$libinit$$00000000  c_w.l(libinit.o)
    0x080001b2   0x00000000   Code   RO          743    .ARM.Collect$$libinit$$00000002  c_w.l(libinit2.o)
    0x080001b2   0x00000000   Code   RO          745    .ARM.Collect$$libinit$$00000004  c_w.l(libinit2.o)
    0x080001b2   0x00000000   Code   RO          748    .ARM.Collect$$libinit$$0000000A  c_w.l(libinit2.o)
    0x080001b2   0x00000000   Code   RO          750    .ARM.Collect$$libinit$$0000000C  c_w.l(libinit2.o)
    0x080001b2   0x00000000   Code   RO          752    .ARM.Collect$$libinit$$0000000E  c_w.l(libinit2.o)
    0x080001b2   0x00000000   Code   RO          755    .ARM.Collect$$libinit$$00000011  c_w.l(libinit2.o)
    0x080001b2   0x00000000   Code   RO          757    .ARM.Collect$$libinit$$00000013  c_w.l(libinit2.o)
    0x080001b2   0x00000000   Code   RO          759    .ARM.Collect$$libinit$$00000015  c_w.l(libinit2.o)
    0x080001b2   0x00000000   Code   RO          761    .ARM.Collect$$libinit$$00000017  c_w.l(libinit2.o)
    0x080001b2   0x00000000   Code   RO          763    .ARM.Collect$$libinit$$00000019  c_w.l(libinit2.o)
    0x080001b2   0x00000000   Code   RO          765    .ARM.Collect$$libinit$$0000001B  c_w.l(libinit2.o)
    0x080001b2   0x00000000   Code   RO          767    .ARM.Collect$$libinit$$0000001D  c_w.l(libinit2.o)
    0x080001b2   0x00000000   Code   RO          769    .ARM.Collect$$libinit$$0000001F  c_w.l(libinit2.o)
    0x080001b2   0x00000000   Code   RO          771    .ARM.Collect$$libinit$$00000021  c_w.l(libinit2.o)
    0x080001b2   0x00000000   Code   RO          773    .ARM.Collect$$libinit$$00000023  c_w.l(libinit2.o)
    0x080001b2   0x00000000   Code   RO          775    .ARM.Collect$$libinit$$00000025  c_w.l(libinit2.o)
    0x080001b2   0x00000000   Code   RO          779    .ARM.Collect$$libinit$$0000002C  c_w.l(libinit2.o)
    0x080001b2   0x00000000   Code   RO          781    .ARM.Collect$$libinit$$0000002E  c_w.l(libinit2.o)
    0x080001b2   0x00000000   Code   RO          783    .ARM.Collect$$libinit$$00000030  c_w.l(libinit2.o)
    0x080001b2   0x00000000   Code   RO          785    .ARM.Collect$$libinit$$00000032  c_w.l(libinit2.o)
    0x080001b2   0x00000002   Code   RO          786    .ARM.Collect$$libinit$$00000033  c_w.l(libinit2.o)
    0x080001b4   0x00000002   Code   RO          804    .ARM.Collect$$libshutdown$$00000000  c_w.l(libshutdown.o)
    0x080001b6   0x00000000   Code   RO          815    .ARM.Collect$$libshutdown$$00000003  c_w.l(libshutdown2.o)
    0x080001b6   0x00000000   Code   RO          818    .ARM.Collect$$libshutdown$$00000006  c_w.l(libshutdown2.o)
    0x080001b6   0x00000000   Code   RO          821    .ARM.Collect$$libshutdown$$00000009  c_w.l(libshutdown2.o)
    0x080001b6   0x00000000   Code   RO          823    .ARM.Collect$$libshutdown$$0000000B  c_w.l(libshutdown2.o)
    0x080001b6   0x00000000   Code   RO          826    .ARM.Collect$$libshutdown$$0000000E  c_w.l(libshutdown2.o)
    0x080001b6   0x00000002   Code   RO          827    .ARM.Collect$$libshutdown$$0000000F  c_w.l(libshutdown2.o)
    0x080001b8   0x00000000   Code   RO          691    .ARM.Collect$$rtentry$$00000000  c_w.l(__rtentry.o)
    0x080001b8   0x00000000   Code   RO          705    .ARM.Collect$$rtentry$$00000002  c_w.l(__rtentry2.o)
    0x080001b8   0x00000006   Code   RO          717    .ARM.Collect$$rtentry$$00000004  c_w.l(__rtentry4.o)
    0x080001be   0x00000000   Code   RO          707    .ARM.Collect$$rtentry$$00000009  c_w.l(__rtentry2.o)
    0x080001be   0x00000004   Code   RO          708    .ARM.Collect$$rtentry$$0000000A  c_w.l(__rtentry2.o)
    0x080001c2   0x00000000   Code   RO          710    .ARM.Collect$$rtentry$$0000000C  c_w.l(__rtentry2.o)
    0x080001c2   0x00000008   Code   RO          711    .ARM.Collect$$rtentry$$0000000D  c_w.l(__rtentry2.o)
    0x080001ca   0x00000002   Code   RO          740    .ARM.Collect$$rtexit$$00000000  c_w.l(rtexit.o)
    0x080001cc   0x00000000   Code   RO          788    .ARM.Collect$$rtexit$$00000002  c_w.l(rtexit2.o)
    0x080001cc   0x00000004   Code   RO          789    .ARM.Collect$$rtexit$$00000003  c_w.l(rtexit2.o)
    0x080001d0   0x00000006   Code   RO          790    .ARM.Collect$$rtexit$$00000004  c_w.l(rtexit2.o)
    0x080001d6   0x00000002   PAD
    0x080001d8   0x00000002   Code   RO          191    .emb_text           sys.o
    0x080001da   0x00000002   PAD
    0x080001dc   0x00000034   Code   RO            4    .text               stm32f10x.o
    0x08000210   0x00000060   Code   RO           10    .text               test.o
    0x08000270   0x00000604   Code   RO          161    .text               keyboard.o
    0x08000874   0x000000b0   Code   RO          177    .text               delay.o
    0x08000924   0x000002dc   Code   RO          192    .text               sys.o
    0x08000c00   0x000000e4   Code   RO          207    .text               usart.o
    0x08000ce4   0x000005b4   Code   RO          227    .text               stm32lib.o
    0x08001298   0x00000360   Code   RO          239    .text               commu.o
    0x080015f8   0x00000044   Code   RO          258    .text               usb_process.o
    0x0800163c   0x00000b20   Code   RO          271    .text               usb_core.o
    0x0800215c   0x0000003c   Code   RO          301    .text               usb_init.o
    0x08002198   0x000003d4   Code   RO          324    .text               usb_int.o
    0x0800256c   0x0000005c   Code   RO          348    .text               usb_mem.o
    0x080025c8   0x000007b8   Code   RO          360    .text               usb_regs.o
    0x08002d80   0x00000038   Code   RO          372    .text               usb_hw.o
    0x08002db8   0x00000114   Code   RO          384    .text               hw_config.o
    0x08002ecc   0x00000098   Code   RO          403    .text               stm32f10x_it.o
    0x08002f64   0x00000160   Code   RO          434    .text               usb_istr.o
    0x080030c4   0x000003e8   Code   RO          481    .text               usb_prop.o
    0x080034ac   0x0000014c   Code   RO          509    .text               usb_pwr.o
    0x080035f8   0x000000ac   Code   RO          527    .text               mass_mal.o
    0x080036a4   0x000004a0   Code   RO          549    .text               usb_bot.o
    0x08003b44   0x0000041c   Code   RO          577    .text               usb_scsi.o
    0x08003f60   0x00000240   Code   RO          590    .text               memory.o
    0x080041a0   0x00000002   Code   RO          624    .text               c_w.l(use_no_semi_2.o)
    0x080041a2   0x00000002   PAD
    0x080041a4   0x00000018   Code   RO          628    .text               c_w.l(noretval__2printf.o)
    0x080041bc   0x0000004e   Code   RO          632    .text               c_w.l(_printf_pad.o)
    0x0800420a   0x00000052   Code   RO          634    .text               c_w.l(_printf_str.o)
    0x0800425c   0x00000078   Code   RO          636    .text               c_w.l(_printf_dec.o)
    0x080042d4   0x00000160   Code   RO          653    .text               c_w.l(__printf_ss_wp.o)
    0x08004434   0x00000004   Code   RO          661    .text               c_w.l(putc.o)
    0x08004438   0x00000006   Code   RO          663    .text               c_w.l(heapauxi.o)
    0x0800443e   0x00000002   Code   RO          689    .text               c_w.l(use_no_semi.o)
    0x08004440   0x000000b2   Code   RO          692    .text               c_w.l(_printf_intcommon.o)
    0x080044f2   0x0000002c   Code   RO          694    .text               c_w.l(_printf_char.o)
    0x0800451e   0x00000002   PAD
    0x08004520   0x00000024   Code   RO          696    .text               c_w.l(_printf_char_file.o)
    0x08004544   0x00000030   Code   RO          719    .text               c_w.l(_printf_char_common.o)
    0x08004574   0x00000008   Code   RO          721    .text               c_w.l(ferror.o)
    0x0800457c   0x0000004a   Code   RO          725    .text               c_w.l(sys_stackheap_outer.o)
    0x080045c6   0x0000000c   Code   RO          729    .text               c_w.l(exit.o)
    0x080045d2   0x00000002   PAD
    0x080045d4   0x00000008   Code   RO          737    .text               c_w.l(libspace.o)
    0x080045dc   0x0000000e   Code   RO          648    i._is_digit         c_w.l(__printf_wp.o)
    0x080045ea   0x00000002   PAD
    0x080045ec   0x000000c4   Code   RO          667    x$fpl$fadd          fz_ws.l(faddsub_clz.o)
    0x080046b0   0x00000184   Code   RO          674    x$fpl$fdiv          fz_ws.l(fdiv.o)
    0x08004834   0x0000003e   Code   RO          677    x$fpl$ffixu         fz_ws.l(ffixu.o)
    0x08004872   0x00000002   PAD
    0x08004874   0x00000026   Code   RO          681    x$fpl$ffltu         fz_ws.l(fflt_clz.o)
    0x0800489a   0x00000002   PAD
    0x0800489c   0x00000102   Code   RO          687    x$fpl$fmul          fz_ws.l(fmul.o)
    0x0800499e   0x0000008c   Code   RO          699    x$fpl$fnaninf       fz_ws.l(fnaninf.o)
    0x08004a2a   0x0000000a   Code   RO          701    x$fpl$fretinf       fz_ws.l(fretinf.o)
    0x08004a34   0x00000014   Code   RO          668    x$fpl$frsb          fz_ws.l(faddsub_clz.o)
    0x08004a48   0x000000ea   Code   RO          669    x$fpl$fsub          fz_ws.l(faddsub_clz.o)
    0x08004b32   0x00000000   Code   RO          703    x$fpl$usenofp       fz_ws.l(usenofp.o)
    0x08004b32   0x00000128   Data   RO          421    .constdata          usb_desc.o
    0x08004c5a   0x00000002   PAD
    0x08004c5c   0x00000020   Data   RO          859    Region$$Table       anon$$obj.o


    Execution Region RW_IRAM1 (Base: 0x20000000, Size: 0x00000cb8, Max: 0x00005000, ABSOLUTE, COMPRESSED[0x00000150])

    Base Addr    Size         Type   Attr      Idx    E Section Name        Object

    0x20000000   0x00000074   Data   RW          163    .data               keyboard.o
    0x20000074   0x00000004   Data   RW          178    .data               delay.o
    0x20000078   0x00000004   Data   RW          208    .data               usart.o
    0x2000007c   0x00000030   Data   RW          241    .data               commu.o
    0x200000ac   0x00000003   Data   RW          272    .data               usb_core.o
    0x200000af   0x00000001   PAD
    0x200000b0   0x00000014   Data   RW          303    .data               usb_init.o
    0x200000c4   0x00000004   Data   RW          325    .data               usb_int.o
    0x200000c8   0x0000001b   Data   RW          422    .data               usb_desc.o
    0x200000e3   0x00000001   PAD
    0x200000e4   0x00000048   Data   RW          436    .data               usb_istr.o
    0x2000012c   0x000000b9   Data   RW          482    .data               usb_prop.o
    0x200001e5   0x00000003   PAD
    0x200001e8   0x00000007   Data   RW          510    .data               usb_pwr.o
    0x200001ef   0x00000001   PAD
    0x200001f0   0x00000010   Data   RW          528    .data               mass_mal.o
    0x20000200   0x0000000c   Data   RW          551    .data               usb_bot.o
    0x2000020c   0x00000024   Data   RW          592    .data               memory.o
    0x20000230   0x00000080   Data   RW          610    .data               scsi_data.o
    0x200002b0   0x000000ee   Zero   RW          162    .bss                keyboard.o
    0x2000039e   0x000003e8   Zero   RW          240    .bss                commu.o
    0x20000786   0x00000002   PAD
    0x20000788   0x0000001c   Zero   RW          302    .bss                usb_init.o
    0x200007a4   0x00000040   Zero   RW          435    .bss                usb_istr.o
    0x200007e4   0x00000070   Zero   RW          550    .bss                usb_bot.o
    0x20000854   0x00000200   Zero   RW          591    .bss                memory.o
    0x20000a54   0x00000060   Zero   RW          738    .bss                c_w.l(libspace.o)
    0x20000ab4   0x00000004   PAD
    0x20000ab8   0x00000000   Zero   RW            2    HEAP                stm32f10x.o
    0x20000ab8   0x00000200   Zero   RW            1    STACK               stm32f10x.o


==============================================================================

Image component sizes


      Code (inc. data)   RO Data    RW Data    ZI Data      Debug   Object Name

       864         88          0         48       1000       3960   commu.o
       176          8          0          4          0       1011   delay.o
       276         26          0          0          0       2184   hw_config.o
      1540        216          0        116        238       3588   keyboard.o
       172          0          0         16          0       2392   mass_mal.o
       576         64          0         36        512       2312   memory.o
         0          0          0        128          0       1034   scsi_data.o
        52         18        236          0        512        788   stm32f10x.o
       152          4          0          0          0       6734   stm32f10x_it.o
      1460         46          0          0          0       5614   stm32lib.o
       734         48          0          0          0       2707   sys.o
        96         12          0          0          0      19483   test.o
       228         16          0          4          0       2778   usart.o
      1184         70          0         12        112       3797   usb_bot.o
      2848        112          0          3          0      18887   usb_core.o
         0          0        296         27          0       1126   usb_desc.o
        56         10          0          0          0        646   usb_hw.o
        60         24          0         20         28       3930   usb_init.o
       980         32          0          4          0       1788   usb_int.o
       352         44          0         72         64       4697   usb_istr.o
        92          6          0          0          0       1306   usb_mem.o
        68          8          0          0          0       1059   usb_process.o
      1000         78          0        185          0       8641   usb_prop.o
       332         22          0          7          0       2657   usb_pwr.o
      1976         26          0          0          0      11549   usb_regs.o
      1052         48          0          0          0       4505   usb_scsi.o

    ----------------------------------------------------------------------
     16328       1026        566        688       2468     119173   Object Totals
         0          0         32          0          0          0   (incl. Generated)
         2          0          2          6          2          0   (incl. Padding)

    ----------------------------------------------------------------------

      Code (inc. data)   RO Data    RW Data    ZI Data      Debug   Library Member Name

        90          0          0          0          0          0   __dczerorl2.o
         8          0          0          0          0         68   __main.o
       352          0          0          0          0         88   __printf_ss_wp.o
        14          0          0          0          0         68   __printf_wp.o
         0          0          0          0          0          0   __rtentry.o
        12          0          0          0          0          0   __rtentry2.o
         6          0          0          0          0          0   __rtentry4.o
        52          8          0          0          0          0   __scatter.o
        28          0          0          0          0          0   __scatter_zi.o
         6          0          0          0          0          0   _printf_c.o
        44          0          0          0          0        108   _printf_char.o
        48          6          0          0          0         96   _printf_char_common.o
        36          4          0          0          0         80   _printf_char_file.o
         6          0          0          0          0          0   _printf_d.o
       120         16          0          0          0         92   _printf_dec.o
       178          0          0          0          0         88   _printf_intcommon.o
        78          0          0          0          0        108   _printf_pad.o
         0          0          0          0          0          0   _printf_percent.o
         4          0          0          0          0          0   _printf_percent_end.o
        82          0          0          0          0         80   _printf_str.o
        12          0          0          0          0         72   exit.o
         8          0          0          0          0         68   ferror.o
         6          0          0          0          0        152   heapauxi.o
         2          0          0          0          0          0   libinit.o
         2          0          0          0          0          0   libinit2.o
         2          0          0          0          0          0   libshutdown.o
         2          0          0          0          0          0   libshutdown2.o
         8          4          0          0         96         68   libspace.o
        24          4          0          0          0         84   noretval__2printf.o
         4          0          0          0          0         68   putc.o
         2          0          0          0          0          0   rtexit.o
        10          0          0          0          0          0   rtexit2.o
        74          0          0          0          0         80   sys_stackheap_outer.o
         2          0          0          0          0         68   use_no_semi.o
         2          0          0          0          0         68   use_no_semi_2.o
       450          8          0          0          0        236   faddsub_clz.o
       388         76          0          0          0         96   fdiv.o
        62          4          0          0          0         84   ffixu.o
        38          0          0          0          0         68   fflt_clz.o
       258          4          0          0          0         84   fmul.o
       140          4          0          0          0         84   fnaninf.o
        10          0          0          0          0         68   fretinf.o
         0          0          0          0          0          0   usenofp.o

    ----------------------------------------------------------------------
      2686        138          0          0        100       2324   Library Totals
        16          0          0          0          4          0   (incl. Padding)

    ----------------------------------------------------------------------

      Code (inc. data)   RO Data    RW Data    ZI Data      Debug   Library Name

      1324         42          0          0         96       1604   c_w.l
      1346         96          0          0          0        720   fz_ws.l

    ----------------------------------------------------------------------
      2686        138          0          0        100       2324   Library Totals

    ----------------------------------------------------------------------

==============================================================================


      Code (inc. data)   RO Data    RW Data    ZI Data      Debug   

     19014       1164        566        688       2568     118113   Grand Totals
     19014       1164        566        336       2568     118113   ELF Image Totals (compressed)
     19014       1164        566        336          0          0   ROM Totals

==============================================================================

    Total RO  Size (Code + RO Data)                19580 (  19.12kB)
    Total RW  Size (RW Data + ZI Data)              3256 (   3.18kB)
    Total ROM Size (Code + RO Data + RW Data)      19916 (  19.45kB)

==============================================================================

