Component: ARM Compiler 5.05 update 2 (build 169) Tool: armlink [4d0f33]

==============================================================================

Section Cross References

    stm32f10x.o(STACK) refers (Special) to heapauxi.o(.text) for __use_two_region_memory
    stm32f10x.o(HEAP) refers (Special) to heapauxi.o(.text) for __use_two_region_memory
    stm32f10x.o(RESET) refers (Special) to heapauxi.o(.text) for __use_two_region_memory
    stm32f10x.o(RESET) refers to stm32f10x.o(STACK) for __initial_sp
    stm32f10x.o(RESET) refers to stm32f10x.o(.text) for Reset_Handler
    stm32f10x.o(RESET) refers to stm32f10x_it.o(.text) for PVD_IRQHandler
    stm32f10x.o(RESET) refers to commu.o(.text) for USART1_IRQHandler
    stm32f10x.o(.text) refers (Special) to heapauxi.o(.text) for __use_two_region_memory
    stm32f10x.o(.text) refers to __main.o(!!!main) for __main
    stm32f10x.o(.text) refers to stm32f10x.o(HEAP) for Heap_Mem
    stm32f10x.o(.text) refers to stm32f10x.o(STACK) for Stack_Mem
    test.o(.text) refers to _printf_percent.o(.ARM.Collect$$_printf_percent$$00000000) for _printf_percent
    test.o(.text) refers to _printf_x.o(.ARM.Collect$$_printf_percent$$0000000C) for _printf_x
    test.o(.text) refers to _printf_hex_int.o(.text) for _printf_longlong_hex
    test.o(.text) refers to _printf_d.o(.ARM.Collect$$_printf_percent$$00000009) for _printf_d
    test.o(.text) refers to _printf_dec.o(.text) for _printf_int_dec
    test.o(.text) refers to sys.o(.text) for Stm32_Clock_Init
    test.o(.text) refers to delay.o(.text) for delay_init
    test.o(.text) refers to usart.o(.text) for uart_init
    test.o(.text) refers to w25q16.o(.text) for SPI_Flash_Init
    test.o(.text) refers to commu.o(.text) for commu_init
    test.o(.text) refers to noretval__2printf.o(.text) for __2printf
    test.o(.text) refers to hw_config.o(.text) for Set_USBClock
    test.o(.text) refers to usb_init.o(.text) for USB_Init
    test.o(.text) refers to mass_mal.o(.data) for Mass_Memory_Size
    keyboard.o(.text) refers to _printf_percent.o(.ARM.Collect$$_printf_percent$$00000000) for _printf_percent
    keyboard.o(.text) refers to _printf_c.o(.ARM.Collect$$_printf_percent$$00000013) for _printf_c
    keyboard.o(.text) refers to _printf_str.o(.text) for _printf_str
    keyboard.o(.text) refers to _printf_d.o(.ARM.Collect$$_printf_percent$$00000009) for _printf_d
    keyboard.o(.text) refers to _printf_dec.o(.text) for _printf_int_dec
    keyboard.o(.text) refers to usb_process.o(.text) for keyborad_process
    keyboard.o(.text) refers to noretval__2printf.o(.text) for __2printf
    keyboard.o(.text) refers to stm32lib.o(.text) for SCPE
    keyboard.o(.text) refers to delay.o(.text) for delay_ms
    keyboard.o(.text) refers to keyboard.o(.bss) for key_val
    keyboard.o(.text) refers to keyboard.o(.data) for key_index
    delay.o(.text) refers to delay.o(.data) for fac_us
    sys.o(.text) refers to sys.o(.emb_text) for WFI_SET
    usart.o(.text) refers (Special) to use_no_semi_2.o(.text) for __use_no_semihosting
    usart.o(.text) refers to fflt_clz.o(x$fpl$ffltu) for __aeabi_ui2f
    usart.o(.text) refers to fdiv.o(x$fpl$fdiv) for __aeabi_fdiv
    usart.o(.text) refers to ffixu.o(x$fpl$ffixu) for __aeabi_f2uiz
    usart.o(.text) refers to faddsub_clz.o(x$fpl$frsb) for __aeabi_frsub
    usart.o(.text) refers to fmul.o(x$fpl$fmul) for __aeabi_fmul
    usart.o(.data) refers (Special) to use_no_semi_2.o(.text) for __use_no_semihosting
    stm32lib.o(.text) refers to sys.o(.text) for MY_NVIC_Init
    stm32lib.o(.text) refers to delay.o(.text) for delay_ms
    stm32lib.o(.text) refers to putc.o(.text) for putc
    stm32lib.o(.text) refers to usart.o(.data) for __stdout
    commu.o(.text) refers to _printf_percent.o(.ARM.Collect$$_printf_percent$$00000000) for _printf_percent
    commu.o(.text) refers to _printf_x.o(.ARM.Collect$$_printf_percent$$0000000C) for _printf_x
    commu.o(.text) refers to _printf_hex_int.o(.text) for _printf_longlong_hex
    commu.o(.text) refers to spi.o(.text) for SPIx_ReadWriteByte
    commu.o(.text) refers to noretval__2printf.o(.text) for __2printf
    commu.o(.text) refers to stm32lib.o(.text) for SCPE
    commu.o(.text) refers to w25q16.o(.text) for SPI_Flash_Read
    commu.o(.text) refers to commu.o(.bss) for commu_buf
    usb_process.o(.text) refers to hw_config.o(.text) for Joystick_Send
    usb_process.o(.text) refers to usb_istr.o(.data) for EP2BUSY
    w25q16.o(.text) refers to spi.o(.text) for SPIx_ReadWriteByte
    w25q16.o(.text) refers to stm32lib.o(.text) for SCPE
    w25q16.o(.text) refers to w25q16.o(.data) for SPI_FLASH_TYPE
    w25q16.o(.text) refers to w25q16.o(.bss) for SPI_FLASH_BUF
    w25q16.o(.text) refers to delay.o(.text) for delay_us
    spi.o(.text) refers to stm32lib.o(.text) for IOConfig
    spi.o(.text) refers to sys.o(.text) for MY_NVIC_Init
    spi.o(.text) refers to spi.o(.data) for initted
    usb_core.o(.text) refers to usb_regs.o(.text) for ClearDTOG_TX
[...]
    ../clib/angel/kernel.s                   0x00000000   Number         0  __rtentry.o ABSOLUTE
    ../clib/angel/kernel.s                   0x00000000   Number         0  __rtentry2.o ABSOLUTE
    ../clib/angel/kernel.s                   0x00000000   Number         0  __rtentry4.o ABSOLUTE
    ../clib/angel/rt.s                       0x00000000   Number         0  rt_raise.o ABSOLUTE
    ../clib/angel/scatter.s                  0x00000000   Number         0  __scatter.o ABSOLUTE
    ../clib/angel/startup.s                  0x00000000   Number         0  __main.o ABSOLUTE
    ../clib/angel/sys.s                      0x00000000   Number         0  libspace.o ABSOLUTE
    ../clib/angel/sys.s                      0x00000000   Number         0  use_no_semi.o ABSOLUTE
    ../clib/angel/sys.s                      0x00000000   Number         0  sys_stackheap_outer.o ABSOLUTE
    ../clib/angel/sys.s                      0x00000000   Number         0  indicate_semi.o ABSOLUTE
    ../clib/angel/sys.s                      0x00000000   Number         0  use_no_semi_2.o ABSOLUTE
    ../clib/angel/sysapp.c                   0x00000000   Number         0  sys_command.o ABSOLUTE
    ../clib/angel/sysapp.c                   0x00000000   Number         0  sys_wrch.o ABSOLUTE
    ../clib/armsys.c                         0x00000000   Number         0  no_argv.o ABSOLUTE
    ../clib/armsys.c                         0x00000000   Number         0  _get_argv_nomalloc.o ABSOLUTE
    ../clib/armsys.c                         0x00000000   Number         0  argv_veneer.o ABSOLUTE
    ../clib/armsys.c                         0x00000000   Number         0  argv_veneer.o ABSOLUTE
    ../clib/heapalloc.c                      0x00000000   Number         0  hrguard.o ABSOLUTE
    ../clib/heapaux.c                        0x00000000   Number         0  heapauxi.o ABSOLUTE
    ../clib/libinit.s                        0x00000000   Number         0  libshutdown2.o ABSOLUTE
    ../clib/libinit.s                        0x00000000   Number         0  libshutdown.o ABSOLUTE
    ../clib/libinit.s                        0x00000000   Number         0  libinit2.o ABSOLUTE
    ../clib/libinit.s                        0x00000000   Number         0  libinit.o ABSOLUTE
    ../clib/printf.c                         0x00000000   Number         0  _printf_hex_ptr.o ABSOLUTE
    ../clib/printf.c                         0x00000000   Number         0  _printf_hex_int_ll.o ABSOLUTE
    ../clib/printf.c                         0x00000000   Number         0  _printf_hex_int_ptr.o ABSOLUTE
    ../clib/printf.c                         0x00000000   Number         0  _printf_hex_int.o ABSOLUTE
    ../clib/printf.c                         0x00000000   Number         0  _printf_hex_ll.o ABSOLUTE
    ../clib/printf.c                         0x00000000   Number         0  __printf_nopercent.o ABSOLUTE
    ../clib/printf.c                         0x00000000   Number         0  _printf_char_common.o ABSOLUTE
    ../clib/printf.c                         0x00000000   Number         0  _printf_dec.o ABSOLUTE
    ../clib/printf.c                         0x00000000   Number         0  _printf_str.o ABSOLUTE
    ../clib/printf.c                         0x00000000   Number         0  __printf.o ABSOLUTE
    ../clib/printf.c                         0x00000000   Number         0  __printf_flags_ss.o ABSOLUTE
    ../clib/printf.c                         0x00000000   Number         0  noretval__2printf.o ABSOLUTE
    ../clib/printf.c                         0x00000000   Number         0  _printf_char_file.o ABSOLUTE
    ../clib/printf.c                         0x00000000   Number         0  _printf_char.o ABSOLUTE
    ../clib/printf.c                         0x00000000   Number         0  __printf_flags_ss_wp.o ABSOLUTE
    ../clib/printf.c                         0x00000000   Number         0  _printf_intcommon.o ABSOLUTE
    ../clib/printf.c                         0x00000000   Number         0  __2printf.o ABSOLUTE
    ../clib/printf.c                         0x00000000   Number         0  __printf_ss_wp.o ABSOLUTE
    ../clib/printf.c                         0x00000000   Number         0  __printf_flags_wp.o ABSOLUTE
    ../clib/printf.c                         0x00000000   Number         0  __printf_wp.o ABSOLUTE
    ../clib/printf.c                         0x00000000   Number         0  __printf_ss.o ABSOLUTE
    ../clib/printf.c                         0x00000000   Number         0  __printf_flags.o ABSOLUTE
    ../clib/printf.c                         0x00000000   Number         0  _printf_hex_int_ll_ptr.o ABSOLUTE
    ../clib/printf.c                         0x00000000   Number         0  _printf_hex_ll_ptr.o ABSOLUTE
    ../clib/printf_percent.s                 0x00000000   Number         0  _printf_percent.o ABSOLUTE
    ../clib/printf_percent.s                 0x00000000   Number         0  _printf_d.o ABSOLUTE
    ../clib/printf_percent.s                 0x00000000   Number         0  _printf_x.o ABSOLUTE
    ../clib/printf_percent.s                 0x00000000   Number         0  _printf_c.o ABSOLUTE
    ../clib/printf_percent.s                 0x00000000   Number         0  _printf_percent_end.o ABSOLUTE
    ../clib/signal.c                         0x00000000   Number         0  defsig_rtmem_formal.o ABSOLUTE
    ../clib/signal.c                         0x00000000   Number         0  defsig_rtmem_outer.o ABSOLUTE
    ../clib/signal.c                         0x00000000   Number         0  defsig_exit.o ABSOLUTE
    ../clib/signal.c                         0x00000000   Number         0  defsig_pvfn_inner.o ABSOLUTE
    ../clib/signal.c                         0x00000000   Number         0  defsig_rtred_inner.o ABSOLUTE
    ../clib/signal.c                         0x00000000   Number         0  defsig_fpe_inner.o ABSOLUTE
    ../clib/signal.c                         0x00000000   Number         0  defsig_stak_inner.o ABSOLUTE
    ../clib/signal.c                         0x00000000   Number         0  defsig_abrt_inner.o ABSOLUTE
    ../clib/signal.c                         0x00000000   Number         0  defsig_general.o ABSOLUTE
    ../clib/signal.c                         0x00000000   Number         0  defsig_rtmem_inner.o ABSOLUTE
    ../clib/signal.c                         0x00000000   Number         0  __raise.o ABSOLUTE
    ../clib/signal.c                         0x00000000   Number         0  defsig_cppl_inner.o ABSOLUTE
    ../clib/signal.c                         0x00000000   Number         0  defsig_segv_inner.o ABSOLUTE
    ../clib/signal.c                         0x00000000   Number         0  defsig_other.o ABSOLUTE
    ../clib/signal.s                         0x00000000   Number         0  defsig.o ABSOLUTE
    ../clib/stdio.c                          0x00000000   Number         0  putc.o ABSOLUTE
    ../clib/stdio.c                          0x00000000   Number         0  ferror.o ABSOLUTE
    ../clib/stdio.c                          0x00000000   Number         0  ferror_locked.o ABSOLUTE
    ../clib/stdlib.c                         0x00000000   Number         0  exit.o ABSOLUTE
    ../fplib/faddsub.s                       0x00000000   Number         0  faddsub_clz.o ABSOLUTE
    ../fplib/fdiv.s                          0x00000000   Number         0  fdiv.o ABSOLUTE
    ../fplib/ffixu.s                         0x00000000   Number         0  ffixu.o ABSOLUTE
    ../fplib/fflt.s                          0x00000000   Number         0  fflt_clz.o ABSOLUTE
    ../fplib/fmul.s                          0x00000000   Number         0  fmul.o ABSOLUTE
    ../fplib/fnaninf.s                       0x00000000   Number         0  fnaninf.o ABSOLUTE
    ../fplib/fpinit.s                        0x00000000   Number         0  fpinit.o ABSOLUTE
    ../fplib/fretinf.s                       0x00000000   Number         0  fretinf.o ABSOLUTE
    ../fplib/usenofp.s                       0x00000000   Number         0  usenofp.o ABSOLUTE
    ..\HARDWARE\FLASH\W25Q16.C               0x00000000   Number         0  w25q16.o ABSOLUTE
    ..\HARDWARE\SPI\spi.c                    0x00000000   Number         0  spi.o ABSOLUTE
    ..\HARDWARE\USB\usb_process.c            0x00000000   Number         0  usb_process.o ABSOLUTE
    ..\STM32lib\stm32lib.c                   0x00000000   Number         0  stm32lib.o ABSOLUTE
    ..\SYSTEM\delay\delay.c                  0x00000000   Number         0  delay.o ABSOLUTE
    ..\SYSTEM\sys\sys.c                      0x00000000   Number         0  sys.o ABSOLUTE
    ..\SYSTEM\usart\usart.c                  0x00000000   Number         0  usart.o ABSOLUTE
    ..\USB\CONFIG\hw_config.c                0x00000000   Number         0  hw_config.o ABSOLUTE
    ..\USB\CONFIG\mass_mal.c                 0x00000000   Number         0  mass_mal.o ABSOLUTE
    ..\USB\CONFIG\memory.c                   0x00000000   Number         0  memory.o ABSOLUTE
    ..\USB\CONFIG\scsi_data.c                0x00000000   Number         0  scsi_data.o ABSOLUTE
    ..\USB\CONFIG\stm32f10x_it.c             0x00000000   Number         0  stm32f10x_it.o ABSOLUTE
    ..\USB\CONFIG\usb_bot.c                  0x00000000   Number         0  usb_bot.o ABSOLUTE
    ..\USB\CONFIG\usb_desc.c                 0x00000000   Number         0  usb_desc.o ABSOLUTE
    ..\USB\CONFIG\usb_istr.c                 0x00000000   Number         0  usb_istr.o ABSOLUTE
    ..\USB\CONFIG\usb_prop.c                 0x00000000   Number         0  usb_prop.o ABSOLUTE
    ..\USB\CONFIG\usb_pwr.c                  0x00000000   Number         0  usb_pwr.o ABSOLUTE
    ..\USB\CONFIG\usb_scsi.c                 0x00000000   Number         0  usb_scsi.o ABSOLUTE
    ..\USB\LIB\usb_core.c                    0x00000000   Number         0  usb_core.o ABSOLUTE
    ..\USB\LIB\usb_hw.c                      0x00000000   Number         0  usb_hw.o ABSOLUTE
    ..\USB\LIB\usb_init.c                    0x00000000   Number         0  usb_init.o ABSOLUTE
    ..\USB\LIB\usb_int.c                     0x00000000   Number         0  usb_int.o ABSOLUTE
    ..\USB\LIB\usb_mem.c                     0x00000000   Number         0  usb_mem.o ABSOLUTE
    ..\USB\LIB\usb_regs.c                    0x00000000   Number         0  usb_regs.o ABSOLUTE
    ..\\STM32lib\\stm32lib.c                 0x00000000   Number         0  stm32lib.o ABSOLUTE
    ..\\SYSTEM\\sys\\sys.c                   0x00000000   Number         0  sys.o ABSOLUTE
    STM32F10x.s                              0x00000000   Number         0  stm32f10x.o ABSOLUTE
    commu.c                                  0x00000000   Number         0  commu.o ABSOLUTE
    dc.s                                     0x00000000   Number         0  dc.o ABSOLUTE
    keyboard.c                               0x00000000   Number         0  keyboard.o ABSOLUTE
    test.c                                   0x00000000   Number         0  test.o ABSOLUTE
    RESET                                    0x08000000   Section      236  stm32f10x.o(RESET)
    !!!main                                  0x080000ec   Section        8  __main.o(!!!main)
    !!!scatter                               0x080000f4   Section       52  __scatter.o(!!!scatter)
    !!dczerorl2                              0x08000128   Section       90  __dczerorl2.o(!!dczerorl2)
    !!handler_zi                             0x08000184   Section       28  __scatter_zi.o(!!handler_zi)
    .ARM.Collect$$_printf_percent$$00000000  0x080001a0   Section        0  _printf_percent.o(.ARM.Collect$$_printf_percent$$00000000)
    .ARM.Collect$$_printf_percent$$00000009  0x080001a0   Section        6  _printf_d.o(.ARM.Collect$$_printf_percent$$00000009)
    .ARM.Collect$$_printf_percent$$0000000C  0x080001a6   Section        6  _printf_x.o(.ARM.Collect$$_printf_percent$$0000000C)
    .ARM.Collect$$_printf_percent$$00000017  0x080001ac   Section        4  _printf_percent_end.o(.ARM.Collect$$_printf_percent$$00000017)
    .ARM.Collect$$libinit$$00000000          0x080001b0   Section        2  libinit.o(.ARM.Collect$$libinit$$00000000)
    .ARM.Collect$$libinit$$00000002          0x080001b2   Section        0  libinit2.o(.ARM.Collect$$libinit$$00000002)
    .ARM.Collect$$libinit$$00000004          0x080001b2   Section        0  libinit2.o(.ARM.Collect$$libinit$$00000004)
    .ARM.Collect$$libinit$$0000000A          0x080001b2   Section        0  libinit2.o(.ARM.Collect$$libinit$$0000000A)
    .ARM.Collect$$libinit$$0000000C          0x080001b2   Section        0  libinit2.o(.ARM.Collect$$libinit$$0000000C)
    .ARM.Collect$$libinit$$0000000E          0x080001b2   Section        0  libinit2.o(.ARM.Collect$$libinit$$0000000E)
    .ARM.Collect$$libinit$$00000011          0x080001b2   Section        0  libinit2.o(.ARM.Collect$$libinit$$00000011)
    .ARM.Collect$$libinit$$00000013          0x080001b2   Section        0  libinit2.o(.ARM.Collect$$libinit$$00000013)
    .ARM.Collect$$libinit$$00000015          0x080001b2   Section        0  libinit2.o(.ARM.Collect$$libinit$$00000015)
    .ARM.Collect$$libinit$$00000017          0x080001b2   Section        0  libinit2.o(.ARM.Collect$$libinit$$00000017)
    .ARM.Collect$$libinit$$00000019          0x080001b2   Section        0  libinit2.o(.ARM.Collect$$libinit$$00000019)
    .ARM.Collect$$libinit$$0000001B          0x080001b2   Section        0  libinit2.o(.ARM.Collect$$libinit$$0000001B)
    .ARM.Collect$$libinit$$0000001D          0x080001b2   Section        0  libinit2.o(.ARM.Collect$$libinit$$0000001D)
    .ARM.Collect$$libinit$$0000001F          0x080001b2   Section        0  libinit2.o(.ARM.Collect$$libinit$$0000001F)
    .ARM.Collect$$libinit$$00000021          0x080001b2   Section        0  libinit2.o(.ARM.Collect$$libinit$$00000021)
    .ARM.Collect$$libinit$$00000023          0x080001b2   Section        0  libinit2.o(.ARM.Collect$$libinit$$00000023)
    .ARM.Collect$$libinit$$00000025          0x080001b2   Section        0  libinit2.o(.ARM.Collect$$libinit$$00000025)
    .ARM.Collect$$libinit$$0000002C          0x080001b2   Section        0  libinit2.o(.ARM.Collect$$libinit$$0000002C)
    .ARM.Collect$$libinit$$0000002E          0x080001b2   Section        0  libinit2.o(.ARM.Collect$$libinit$$0000002E)
    .ARM.Collect$$libinit$$00000030          0x080001b2   Section        0  libinit2.o(.ARM.Collect$$libinit$$00000030)
    .ARM.Collect$$libinit$$00000032          0x080001b2   Section        0  libinit2.o(.ARM.Collect$$libinit$$00000032)
    .ARM.Collect$$libinit$$00000033          0x080001b2   Section        2  libinit2.o(.ARM.Collect$$libinit$$00000033)
    .ARM.Collect$$libshutdown$$00000000      0x080001b4   Section        2  libshutdown.o(.ARM.Collect$$libshutdown$$00000000)
    .ARM.Collect$$libshutdown$$00000003      0x080001b6   Section        0  libshutdown2.o(.ARM.Collect$$libshutdown$$00000003)
    .ARM.Collect$$libshutdown$$00000006      0x080001b6   Section        0  libshutdown2.o(.ARM.Collect$$libshutdown$$00000006)
    .ARM.Collect$$libshutdown$$00000009      0x080001b6   Section        0  libshutdown2.o(.ARM.Collect$$libshutdown$$00000009)
    .ARM.Collect$$libshutdown$$0000000B      0x080001b6   Section        0  libshutdown2.o(.ARM.Collect$$libshutdown$$0000000B)
    .ARM.Collect$$libshutdown$$0000000E      0x080001b6   Section        0  libshutdown2.o(.ARM.Collect$$libshutdown$$0000000E)
    .ARM.Collect$$libshutdown$$0000000F      0x080001b6   Section        2  libshutdown2.o(.ARM.Collect$$libshutdown$$0000000F)
    .ARM.Collect$$rtentry$$00000000          0x080001b8   Section        0  __rtentry.o(.ARM.Collect$$rtentry$$00000000)
    .ARM.Collect$$rtentry$$00000002          0x080001b8   Section        0  __rtentry2.o(.ARM.Collect$$rtentry$$00000002)
    .ARM.Collect$$rtentry$$00000004          0x080001b8   Section        6  __rtentry4.o(.ARM.Collect$$rtentry$$00000004)
    .ARM.Collect$$rtentry$$00000009          0x080001be   Section        0  __rtentry2.o(.ARM.Collect$$rtentry$$00000009)
    .ARM.Collect$$rtentry$$0000000A          0x080001be   Section        4  __rtentry2.o(.ARM.Collect$$rtentry$$0000000A)
    .ARM.Collect$$rtentry$$0000000C          0x080001c2   Section        0  __rtentry2.o(.ARM.Collect$$rtentry$$0000000C)
    .ARM.Collect$$rtentry$$0000000D          0x080001c2   Section        8  __rtentry2.o(.ARM.Collect$$rtentry$$0000000D)
    .ARM.Collect$$rtexit$$00000000           0x080001ca   Section        2  rtexit.o(.ARM.Collect$$rtexit$$00000000)
    .ARM.Collect$$rtexit$$00000002           0x080001cc   Section        0  rtexit2.o(.ARM.Collect$$rtexit$$00000002)
    .ARM.Collect$$rtexit$$00000003           0x080001cc   Section        4  rtexit2.o(.ARM.Collect$$rtexit$$00000003)
    .ARM.Collect$$rtexit$$00000004           0x080001d0   Section        6  rtexit2.o(.ARM.Collect$$rtexit$$00000004)
    .emb_text                                0x080001d8   Section        2  sys.o(.emb_text)
    .text                                    0x080001dc   Section       52  stm32f10x.o(.text)
    .text                                    0x08000210   Section        0  test.o(.text)
    .text                                    0x080002ec   Section        0  delay.o(.text)
    .text                                    0x0800039c   Section        0  sys.o(.text)
    .text                                    0x08000678   Section        0  usart.o(.text)
    .text                                    0x08000760   Section        0  stm32lib.o(.text)
    .text                                    0x08000d14   Section        0  commu.o(.text)
    .text                                    0x08000e90   Section        0  w25q16.o(.text)
    .text                                    0x08001310   Section        0  spi.o(.text)
    .text                                    0x0800154c   Section        0  usb_core.o(.text)
    DataStageOut                             0x0800195f   Thumb Code   166  usb_core.o(.text)
    DataStageIn                              0x08001a05   Thumb Code   166  usb_core.o(.text)
    NoData_Setup0                            0x08001aab   Thumb Code   302  usb_core.o(.text)
    Data_Setup0                              0x08001bd9   Thumb Code   676  usb_core.o(.text)
    .text                                    0x0800206c   Section        0  usb_init.o(.text)
    .text                                    0x080020a8   Section        0  usb_int.o(.text)
    .text                                    0x0800247c   Section        0  usb_mem.o(.text)
    .text                                    0x080024d8   Section        0  usb_regs.o(.text)
    .text                                    0x08002c90   Section        0  usb_hw.o(.text)
    .text                                    0x08002cc8   Section        0  hw_config.o(.text)
    .text                                    0x08002ddc   Section        0  stm32f10x_it.o(.text)
    .text                                    0x08002e74   Section        0  usb_istr.o(.text)
    .text                                    0x08002fd4   Section        0  usb_prop.o(.text)
    .text                                    0x080033bc   Section        0  usb_pwr.o(.text)
    .text                                    0x08003508   Section        0  mass_mal.o(.text)
    .text                                    0x080035b4   Section        0  usb_bot.o(.text)
    .text                                    0x08003a54   Section        0  usb_scsi.o(.text)
    .text                                    0x08003e70   Section        0  memory.o(.text)
    .text                                    0x080040b0   Section        2  use_no_semi_2.o(.text)
    .text                                    0x080040b4   Section        0  noretval__2printf.o(.text)
    .text                                    0x080040cc   Section        0  __printf.o(.text)
    .text                                    0x08004134   Section        0  _printf_dec.o(.text)
    .text                                    0x080041ac   Section        0  _printf_hex_int.o(.text)
    .text                                    0x08004204   Section        0  putc.o(.text)
    .text                                    0x08004208   Section        0  heapauxi.o(.text)
    .text                                    0x0800420e   Section        2  use_no_semi.o(.text)
    .text                                    0x08004210   Section        0  _printf_intcommon.o(.text)
    .text                                    0x080042c4   Section        0  _printf_char_file.o(.text)
    .text                                    0x080042e8   Section        0  _printf_char_common.o(.text)
    _printf_input_char                       0x080042e9   Thumb Code    10  _printf_char_common.o(.text)
    .text                                    0x08004318   Section        0  ferror.o(.text)
    .text                                    0x08004320   Section       74  sys_stackheap_outer.o(.text)
    .text                                    0x0800436a   Section        0  exit.o(.text)
    .text                                    0x08004378   Section        8  libspace.o(.text)
    x$fpl$fadd                               0x08004380   Section      196  faddsub_clz.o(x$fpl$fadd)
    _fadd1                                   0x0800438f   Thumb Code     0  faddsub_clz.o(x$fpl$fadd)
    x$fpl$fdiv                               0x08004444   Section      388  fdiv.o(x$fpl$fdiv)
    _fdiv1                                   0x08004445   Thumb Code     0  fdiv.o(x$fpl$fdiv)
    x$fpl$ffixu                              0x080045c8   Section       62  ffixu.o(x$fpl$ffixu)
    x$fpl$ffltu                              0x08004608   Section       38  fflt_clz.o(x$fpl$ffltu)
    x$fpl$fmul                               0x08004630   Section      258  fmul.o(x$fpl$fmul)
    x$fpl$fnaninf                            0x08004732   Section      140  fnaninf.o(x$fpl$fnaninf)
    x$fpl$fretinf                            0x080047be   Section       10  fretinf.o(x$fpl$fretinf)
    x$fpl$frsb                               0x080047c8   Section       20  faddsub_clz.o(x$fpl$frsb)
    x$fpl$fsub                               0x080047dc   Section      234  faddsub_clz.o(x$fpl$fsub)
    _fsub1                                   0x080047eb   Thumb Code     0  faddsub_clz.o(x$fpl$fsub)
    .constdata                               0x080048c6   Section      296  usb_desc.o(.constdata)
    x$fpl$usenofp                            0x080048c6   Section        0  usenofp.o(x$fpl$usenofp)
    .constdata                               0x080049ee   Section       40  _printf_hex_int.o(.constdata)
    uc_hextab                                0x080049ee   Data          20  _printf_hex_int.o(.constdata)
    lc_hextab                                0x08004a02   Data          20  _printf_hex_int.o(.constdata)
    .data                                    0x20000000   Section        4  delay.o(.data)
    fac_us                                   0x20000000   Data           1  delay.o(.data)
    fac_ms                                   0x20000002   Data           2  delay.o(.data)
    .data                                    0x20000004   Section        4  usart.o(.data)
    .data                                    0x20000008   Section        2  w25q16.o(.data)
    .data                                    0x2000000a   Section        1  spi.o(.data)
    initted                                  0x2000000a   Data           1  spi.o(.data)
    .data                                    0x2000000c   Section        3  usb_core.o(.data)
    .data                                    0x20000010   Section       20  usb_init.o(.data)
    .data                                    0x20000024   Section        4  usb_int.o(.data)
    .data                                    0x20000028   Section       27  usb_desc.o(.data)
    .data                                    0x20000044   Section       72  usb_istr.o(.data)
    .data                                    0x2000008c   Section      185  usb_prop.o(.data)
    .data                                    0x20000148   Section        7  usb_pwr.o(.data)
    .data                                    0x20000150   Section       16  mass_mal.o(.data)
    .data                                    0x20000160   Section       12  usb_bot.o(.data)
    .data                                    0x2000016c   Section       36  memory.o(.data)
    Offset                                   0x20000180   Data           4  memory.o(.data)
    Length                                   0x20000184   Data           4  memory.o(.data)
    W_Offset                                 0x20000188   Data           4  memory.o(.data)
    W_Length                                 0x2000018c   Data           4  memory.o(.data)
    .data                                    0x20000190   Section      128  scsi_data.o(.data)
    .bss                                     0x20000210   Section      514  commu.o(.bss)
    .bss                                     0x20000412   Section     4096  w25q16.o(.bss)
    .bss                                     0x20001414   Section       28  usb_init.o(.bss)
    .bss                                     0x20001430   Section       64  usb_istr.o(.bss)
    .bss                                     0x20001470   Section      112  usb_bot.o(.bss)
    .bss                                     0x200014e0   Section      512  memory.o(.bss)
    .bss                                     0x200016e0   Section       96  libspace.o(.bss)
    HEAP                                     0x20001740   Section        0  stm32f10x.o(HEAP)
    STACK                                    0x20001740   Section      512  stm32f10x.o(STACK)
    Heap_Mem                                 0x20001740   Data           0  stm32f10x.o(HEAP)
    Stack_Mem                                0x20001740   Data         512  stm32f10x.o(STACK)
    __initial_sp                             0x20001940   Data           0  stm32f10x.o(STACK)

    Global Symbols

    Symbol Name                              Value     Ov Type        Size  Object(Section)

    BuildAttributes$$THM_ISAv4$P$D$K$B$S$PE$A:L22UL41UL21$X:L11$S22US41US21$IEEE1$IW$USESV6$~STKCKD$USESV7$~SHL$OSPACE$ROPI$EBA8$UX$STANDARDLIB$REQ8$PRES8$EABIv2 0x00000000   Number         0  anon$$obj.o ABSOLUTE
    __ARM_use_no_argv                        0x00000000   Number         0  test.o ABSOLUTE
    __ARM_exceptions_init                     - Undefined Weak Reference
    __alloca_initialize                       - Undefined Weak Reference
    __arm_preinit_                            - Undefined Weak Reference
    __cpp_initialize__aeabi_                  - Undefined Weak Reference
    __cxa_finalize                            - Undefined Weak Reference
    __rt_locale                               - Undefined Weak Reference
    __sigvec_lookup                           - Undefined Weak Reference
    _atexit_init                              - Undefined Weak Reference
    _call_atexit_fns                          - Undefined Weak Reference
    _clock_init                               - Undefined Weak Reference
    _fp_trap_init                             - Undefined Weak Reference
    _fp_trap_shutdown                         - Undefined Weak Reference
    _get_lc_collate                           - Undefined Weak Reference
    _get_lc_ctype                             - Undefined Weak Reference
    _get_lc_monetary                          - Undefined Weak Reference
    _get_lc_numeric                           - Undefined Weak Reference
    _get_lc_time                              - Undefined Weak Reference
    _getenv_init                              - Undefined Weak Reference
    _handle_redirection                       - Undefined Weak Reference
    _init_alloc                               - Undefined Weak Reference
    _init_user_alloc                          - Undefined Weak Reference
    _initio                                   - Undefined Weak Reference
    _mutex_acquire                            - Undefined Weak Reference
    _mutex_release                            - Undefined Weak Reference
    _printf_mbtowc                            - Undefined Weak Reference
    _printf_post_padding                      - Undefined Weak Reference
    _printf_pre_padding                       - Undefined Weak Reference
    _printf_truncate_signed                   - Undefined Weak Reference
    _printf_truncate_unsigned                 - Undefined Weak Reference
    _rand_init                                - Undefined Weak Reference
    _signal_finish                            - Undefined Weak Reference
    _signal_init                              - Undefined Weak Reference
    _terminate_alloc                          - Undefined Weak Reference
    _terminate_user_alloc                     - Undefined Weak Reference
    _terminateio                              - Undefined Weak Reference
    __Vectors                                0x08000000   Data           4  stm32f10x.o(RESET)
    __main                                   0x080000ed   Thumb Code     8  __main.o(!!!main)
    __scatterload                            0x080000f5   Thumb Code     0  __scatter.o(!!!scatter)
    __scatterload_rt2                        0x080000f5   Thumb Code    44  __scatter.o(!!!scatter)
    __scatterload_rt2_thumb_only             0x080000f5   Thumb Code     0  __scatter.o(!!!scatter)
    __scatterload_null                       0x08000103   Thumb Code     0  __scatter.o(!!!scatter)
    __decompress                             0x08000129   Thumb Code    90  __dczerorl2.o(!!dczerorl2)
    __decompress1                            0x08000129   Thumb Code     0  __dczerorl2.o(!!dczerorl2)
    __scatterload_zeroinit                   0x08000185   Thumb Code    28  __scatter_zi.o(!!handler_zi)
    _printf_d                                0x080001a1   Thumb Code     0  _printf_d.o(.ARM.Collect$$_printf_percent$$00000009)
    _printf_percent                          0x080001a1   Thumb Code     0  _printf_percent.o(.ARM.Collect$$_printf_percent$$00000000)
    _printf_x                                0x080001a7   Thumb Code     0  _printf_x.o(.ARM.Collect$$_printf_percent$$0000000C)
    _printf_percent_end                      0x080001ad   Thumb Code     0  _printf_percent_end.o(.ARM.Collect$$_printf_percent$$00000017)
    __rt_lib_init                            0x080001b1   Thumb Code     0  libinit.o(.ARM.Collect$$libinit$$00000000)
    __rt_lib_init_alloca_1                   0x080001b3   Thumb Code     0  libinit2.o(.ARM.Collect$$libinit$$0000002E)
    __rt_lib_init_argv_1                     0x080001b3   Thumb Code     0  libinit2.o(.ARM.Collect$$libinit$$0000002C)
    __rt_lib_init_atexit_1                   0x080001b3   Thumb Code     0  libinit2.o(.ARM.Collect$$libinit$$0000001B)
    __rt_lib_init_clock_1                    0x080001b3   Thumb Code     0  libinit2.o(.ARM.Collect$$libinit$$00000021)
    __rt_lib_init_cpp_1                      0x080001b3   Thumb Code     0  libinit2.o(.ARM.Collect$$libinit$$00000032)
    __rt_lib_init_exceptions_1               0x080001b3   Thumb Code     0  libinit2.o(.ARM.Collect$$libinit$$00000030)
    __rt_lib_init_fp_1                       0x080001b3   Thumb Code     0  libinit2.o(.ARM.Collect$$libinit$$00000002)
    __rt_lib_init_fp_trap_1                  0x080001b3   Thumb Code     0  libinit2.o(.ARM.Collect$$libinit$$0000001F)
    __rt_lib_init_getenv_1                   0x080001b3   Thumb Code     0  libinit2.o(.ARM.Collect$$libinit$$00000023)
    __rt_lib_init_heap_1                     0x080001b3   Thumb Code     0  libinit2.o(.ARM.Collect$$libinit$$0000000A)
    __rt_lib_init_lc_collate_1               0x080001b3   Thumb Code     0  libinit2.o(.ARM.Collect$$libinit$$00000011)
    __rt_lib_init_lc_ctype_1                 0x080001b3   Thumb Code     0  libinit2.o(.ARM.Collect$$libinit$$00000013)
    __rt_lib_init_lc_monetary_1              0x080001b3   Thumb Code     0  libinit2.o(.ARM.Collect$$libinit$$00000015)
    __rt_lib_init_lc_numeric_1               0x080001b3   Thumb Code     0  libinit2.o(.ARM.Collect$$libinit$$00000017)
    __rt_lib_init_lc_time_1                  0x080001b3   Thumb Code     0  libinit2.o(.ARM.Collect$$libinit$$00000019)
    __rt_lib_init_preinit_1                  0x080001b3   Thumb Code     0  libinit2.o(.ARM.Collect$$libinit$$00000004)
    __rt_lib_init_rand_1                     0x080001b3   Thumb Code     0  libinit2.o(.ARM.Collect$$libinit$$0000000E)
    __rt_lib_init_return                     0x080001b3   Thumb Code     0  libinit2.o(.ARM.Collect$$libinit$$00000033)
    __rt_lib_init_signal_1                   0x080001b3   Thumb Code     0  libinit2.o(.ARM.Collect$$libinit$$0000001D)
    __rt_lib_init_stdio_1                    0x080001b3   Thumb Code     0  libinit2.o(.ARM.Collect$$libinit$$00000025)
    __rt_lib_init_user_alloc_1               0x080001b3   Thumb Code     0  libinit2.o(.ARM.Collect$$libinit$$0000000C)
    __rt_lib_shutdown                        0x080001b5   Thumb Code     0  libshutdown.o(.ARM.Collect$$libshutdown$$00000000)
    __rt_lib_shutdown_fp_trap_1              0x080001b7   Thumb Code     0  libshutdown2.o(.ARM.Collect$$libshutdown$$00000006)
    __rt_lib_shutdown_heap_1                 0x080001b7   Thumb Code     0  libshutdown2.o(.ARM.Collect$$libshutdown$$0000000E)
    __rt_lib_shutdown_return                 0x080001b7   Thumb Code     0  libshutdown2.o(.ARM.Collect$$libshutdown$$0000000F)
    __rt_lib_shutdown_signal_1               0x080001b7   Thumb Code     0  libshutdown2.o(.ARM.Collect$$libshutdown$$00000009)
    __rt_lib_shutdown_stdio_1                0x080001b7   Thumb Code     0  libshutdown2.o(.ARM.Collect$$libshutdown$$00000003)
    __rt_lib_shutdown_user_alloc_1           0x080001b7   Thumb Code     0  libshutdown2.o(.ARM.Collect$$libshutdown$$0000000B)
    __rt_entry                               0x080001b9   Thumb Code     0  __rtentry.o(.ARM.Collect$$rtentry$$00000000)
    __rt_entry_presh_1                       0x080001b9   Thumb Code     0  __rtentry2.o(.ARM.Collect$$rtentry$$00000002)
    __rt_entry_sh                            0x080001b9   Thumb Code     0  __rtentry4.o(.ARM.Collect$$rtentry$$00000004)
    __rt_entry_li                            0x080001bf   Thumb Code     0  __rtentry2.o(.ARM.Collect$$rtentry$$0000000A)
    __rt_entry_postsh_1                      0x080001bf   Thumb Code     0  __rtentry2.o(.ARM.Collect$$rtentry$$00000009)
    __rt_entry_main                          0x080001c3   Thumb Code     0  __rtentry2.o(.ARM.Collect$$rtentry$$0000000D)
    __rt_entry_postli_1                      0x080001c3   Thumb Code     0  __rtentry2.o(.ARM.Collect$$rtentry$$0000000C)
    __rt_exit                                0x080001cb   Thumb Code     0  rtexit.o(.ARM.Collect$$rtexit$$00000000)
    __rt_exit_ls                             0x080001cd   Thumb Code     0  rtexit2.o(.ARM.Collect$$rtexit$$00000003)
    __rt_exit_prels_1                        0x080001cd   Thumb Code     0  rtexit2.o(.ARM.Collect$$rtexit$$00000002)
    __rt_exit_exit                           0x080001d1   Thumb Code     0  rtexit2.o(.ARM.Collect$$rtexit$$00000004)
    WFI_SET                                  0x080001d9   Thumb Code     2  sys.o(.emb_text)
    Reset_Handler                            0x080001dd   Thumb Code     4  stm32f10x.o(.text)
    NMI_Handler                              0x080001e1   Thumb Code     2  stm32f10x.o(.text)
    HardFault_Handler                        0x080001e3   Thumb Code     2  stm32f10x.o(.text)
    MemManage_Handler                        0x080001e5   Thumb Code     2  stm32f10x.o(.text)
    BusFault_Handler                         0x080001e7   Thumb Code     2  stm32f10x.o(.text)
    UsageFault_Handler                       0x080001e9   Thumb Code     2  stm32f10x.o(.text)
    SVC_Handler                              0x080001eb   Thumb Code     2  stm32f10x.o(.text)
    DebugMon_Handler                         0x080001ed   Thumb Code     2  stm32f10x.o(.text)
    PendSV_Handler                           0x080001ef   Thumb Code     2  stm32f10x.o(.text)
    SysTick_Handler                          0x080001f1   Thumb Code     2  stm32f10x.o(.text)
    ADC_IRQHandler                           0x080001f3   Thumb Code     0  stm32f10x.o(.text)
    DMAChannel1_IRQHandler                   0x080001f3   Thumb Code     0  stm32f10x.o(.text)
    DMAChannel2_IRQHandler                   0x080001f3   Thumb Code     0  stm32f10x.o(.text)
    DMAChannel3_IRQHandler                   0x080001f3   Thumb Code     0  stm32f10x.o(.text)
    DMAChannel4_IRQHandler                   0x080001f3   Thumb Code     0  stm32f10x.o(.text)
    DMAChannel5_IRQHandler                   0x080001f3   Thumb Code     0  stm32f10x.o(.text)
    DMAChannel6_IRQHandler                   0x080001f3   Thumb Code     0  stm32f10x.o(.text)
    DMAChannel7_IRQHandler                   0x080001f3   Thumb Code     0  stm32f10x.o(.text)
    EXTI0_IRQHandler                         0x080001f3   Thumb Code     0  stm32f10x.o(.text)
    EXTI1_IRQHandler                         0x080001f3   Thumb Code     0  stm32f10x.o(.text)
    EXTI9_5_IRQHandler                       0x080001f3   Thumb Code     0  stm32f10x.o(.text)
    RTC_IRQHandler                           0x080001f3   Thumb Code     0  stm32f10x.o(.text)
    SPI1_IRQHandler                          0x080001f3   Thumb Code     0  stm32f10x.o(.text)
    TIM3_IRQHandler                          0x080001f3   Thumb Code     0  stm32f10x.o(.text)
    WWDG_IRQHandler                          0x080001f3   Thumb Code     0  stm32f10x.o(.text)
    __user_initial_stackheap                 0x080001f5   Thumb Code     0  stm32f10x.o(.text)
    main                                     0x08000211   Thumb Code   174  test.o(.text)
    delay_init                               0x080002ed   Thumb Code    56  delay.o(.text)
    delay_ms                                 0x08000325   Thumb Code    56  delay.o(.text)
    delay_us                                 0x0800035d   Thumb Code    56  delay.o(.text)
    MY_NVIC_SetVectorTable                   0x0800039d   Thumb Code    12  sys.o(.text)
    MY_NVIC_PriorityGroupConfig              0x080003a9   Thumb Code    36  sys.o(.text)
    MY_NVIC_Init                             0x080003cd   Thumb Code   144  sys.o(.text)
    Ex_NVIC_Config                           0x0800045d   Thumb Code   146  sys.o(.text)
    MYRCC_DeInit                             0x080004ef   Thumb Code    90  sys.o(.text)
    Sys_Standby                              0x08000549   Thumb Code    68  sys.o(.text)
    Sys_Soft_Reset                           0x0800058d   Thumb Code    12  sys.o(.text)
    JTAG_Set                                 0x08000599   Thumb Code    42  sys.o(.text)
    Stm32_Clock_Init                         0x080005c3   Thumb Code   134  sys.o(.text)
    _sys_exit                                0x08000679   Thumb Code     8  usart.o(.text)
    fputc                                    0x08000681   Thumb Code    24  usart.o(.text)
    uart_init                                0x08000699   Thumb Code   182  usart.o(.text)
    SCPE                                     0x08000761   Thumb Code    70  stm32lib.o(.text)
    atoi                                     0x080007a7   Thumb Code    98  stm32lib.o(.text)
    max                                      0x08000809   Thumb Code    34  stm32lib.o(.text)
    IOConfig                                 0x0800082b   Thumb Code    56  stm32lib.o(.text)
    zhongduanConfig                          0x08000863   Thumb Code    20  stm32lib.o(.text)
    usart2putchar                            0x08000877   Thumb Code     6  stm32lib.o(.text)
    delay_s                                  0x0800087d   Thumb Code    24  stm32lib.o(.text)
    waibuzhongduanConfig                     0x08000895   Thumb Code   212  stm32lib.o(.text)
    SPIRW                                    0x08000969   Thumb Code    70  stm32lib.o(.text)
    SPIInit                                  0x080009af   Thumb Code   136  stm32lib.o(.text)
    mprintf                                  0x08000a37   Thumb Code   594  stm32lib.o(.text)
    StringToInt                              0x08000c89   Thumb Code    56  stm32lib.o(.text)
    min                                      0x08000cc1   Thumb Code    38  stm32lib.o(.text)
    value2pos                                0x08000ce7   Thumb Code    34  stm32lib.o(.text)
    pos2value                                0x08000d09   Thumb Code     8  stm32lib.o(.text)
    commu_write                              0x08000d15   Thumb Code    82  commu.o(.text)
    commu_read                               0x08000d67   Thumb Code   100  commu.o(.text)
    commu_init                               0x08000dcb   Thumb Code    74  commu.o(.text)
    USART1_IRQHandler                        0x08000e15   Thumb Code     6  commu.o(.text)
    SD_ReadDisk                              0x08000e1b   Thumb Code    28  commu.o(.text)
    SD_WriteDisk                             0x08000e37   Thumb Code    28  commu.o(.text)
    SPI_Flash_ReadID                         0x08000e91   Thumb Code    94  w25q16.o(.text)
    SPI_Flash_Init                           0x08000eef   Thumb Code    46  w25q16.o(.text)
    SPI_Flash_ReadSR                         0x08000f1d   Thumb Code    66  w25q16.o(.text)
    SPI_FLASH_Write_SR                       0x08000f5f   Thumb Code    62  w25q16.o(.text)
    SPI_FLASH_Write_Enable                   0x08000f9d   Thumb Code    54  w25q16.o(.text)
    SPI_FLASH_Write_Disable                  0x08000fd3   Thumb Code    54  w25q16.o(.text)
    SPI_Flash_Read                           0x08001009   Thumb Code   106  w25q16.o(.text)
    SPI_Flash_Wait_Busy                      0x08001073   Thumb Code    18  w25q16.o(.text)
    SPI_Flash_Write_Page                     0x08001085   Thumb Code   112  w25q16.o(.text)
    SPI_Flash_Write_NoCheck                  0x080010f5   Thumb Code    70  w25q16.o(.text)
    SPI_Flash_Erase_Sector                   0x0800113b   Thumb Code    92  w25q16.o(.text)
    SPI_Flash_Write                          0x08001197   Thumb Code   176  w25q16.o(.text)
    SPI_Flash_Erase_Chip                     0x08001247   Thumb Code    78  w25q16.o(.text)
    SPI_Flash_PowerDown                      0x08001295   Thumb Code    60  w25q16.o(.text)
    SPI_Flash_WAKEUP                         0x080012d1   Thumb Code    60  w25q16.o(.text)
    SPIx_SetSpeed                            0x08001311   Thumb Code    86  spi.o(.text)
    SPIx_slave_Init                          0x08001367   Thumb Code   202  spi.o(.text)
    SPIx_ReadWriteByte                       0x08001431   Thumb Code    70  spi.o(.text)
    SPIx_Init                                0x08001477   Thumb Code   194  spi.o(.text)
    Standard_GetConfiguration                0x0800154d   Thumb Code    34  usb_core.o(.text)
    Standard_SetConfiguration                0x0800156f   Thumb Code    60  usb_core.o(.text)
    Standard_GetInterface                    0x080015ab   Thumb Code    34  usb_core.o(.text)
    Standard_SetInterface                    0x080015cd   Thumb Code    96  usb_core.o(.text)
    Standard_GetStatus                       0x0800162d   Thumb Code   224  usb_core.o(.text)
    Standard_ClearFeature                    0x0800170d   Thumb Code   326  usb_core.o(.text)
    Standard_SetEndPointFeature              0x08001853   Thumb Code   176  usb_core.o(.text)
    Standard_SetDeviceFeature                0x08001903   Thumb Code    30  usb_core.o(.text)
    Standard_GetDescriptorData               0x08001921   Thumb Code    62  usb_core.o(.text)
    Post0_Process                            0x08001e7d   Thumb Code    54  usb_core.o(.text)
    Setup0_Process                           0x08001eb3   Thumb Code   162  usb_core.o(.text)
    SetDeviceAddress                         0x08001f55   Thumb Code    64  usb_core.o(.text)
    In0_Process                              0x08001f95   Thumb Code    98  usb_core.o(.text)
    Out0_Process                             0x08001ff7   Thumb Code    70  usb_core.o(.text)
    NOP_Process                              0x0800203d   Thumb Code     2  usb_core.o(.text)
    USB_Init                                 0x0800206d   Thumb Code    36  usb_init.o(.text)
    CTR_LP                                   0x080020a9   Thumb Code   774  usb_int.o(.text)
    CTR_HP                                   0x080023af   Thumb Code   174  usb_int.o(.text)
    UserToPMABufferCopy                      0x0800247d   Thumb Code    52  usb_mem.o(.text)
    PMAToUserBufferCopy                      0x080024b1   Thumb Code    34  usb_mem.o(.text)
    SetCNTR                                  0x080024d9   Thumb Code     6  usb_regs.o(.text)
    GetCNTR                                  0x080024df   Thumb Code     8  usb_regs.o(.text)
    SetISTR                                  0x080024e7   Thumb Code     8  usb_regs.o(.text)
    GetISTR                                  0x080024ef   Thumb Code    10  usb_regs.o(.text)
    GetFNR                                   0x080024f9   Thumb Code    10  usb_regs.o(.text)
    SetDADDR                                 0x08002503   Thumb Code     8  usb_regs.o(.text)
    GetDADDR                                 0x0800250b   Thumb Code    10  usb_regs.o(.text)
    SetBTABLE                                0x08002515   Thumb Code    14  usb_regs.o(.text)
    GetBTABLE                                0x08002523   Thumb Code    10  usb_regs.o(.text)
    SetENDPOINT                              0x0800252d   Thumb Code    12  usb_regs.o(.text)
    GetENDPOINT                              0x08002539   Thumb Code    16  usb_regs.o(.text)
    SetEPType                                0x08002549   Thumb Code    32  usb_regs.o(.text)
    GetEPType                                0x08002569   Thumb Code    18  usb_regs.o(.text)
    SetEPTxStatus                            0x0800257b   Thumb Code    52  usb_regs.o(.text)
    SetEPRxStatus                            0x080025af   Thumb Code    52  usb_regs.o(.text)
    SetDouBleBuffEPStall                     0x080025e3   Thumb Code    54  usb_regs.o(.text)
    GetEPTxStatus                            0x08002619   Thumb Code    18  usb_regs.o(.text)
    GetEPRxStatus                            0x0800262b   Thumb Code    18  usb_regs.o(.text)
    SetEPTxValid                             0x0800263d   Thumb Code    38  usb_regs.o(.text)
    SetEPRxValid                             0x08002663   Thumb Code    38  usb_regs.o(.text)
    SetEP_KIND                               0x08002689   Thumb Code    32  usb_regs.o(.text)
    ClearEP_KIND                             0x080026a9   Thumb Code    28  usb_regs.o(.text)
    Clear_Status_Out                         0x080026c5   Thumb Code    28  usb_regs.o(.text)
    Set_Status_Out                           0x080026e1   Thumb Code    32  usb_regs.o(.text)
    SetEPDoubleBuff                          0x08002701   Thumb Code    32  usb_regs.o(.text)
    ClearEPDoubleBuff                        0x08002721   Thumb Code    28  usb_regs.o(.text)
    GetTxStallStatus                         0x0800273d   Thumb Code    28  usb_regs.o(.text)
    GetRxStallStatus                         0x08002759   Thumb Code    30  usb_regs.o(.text)
    ClearEP_CTR_RX                           0x08002777   Thumb Code    32  usb_regs.o(.text)
    ClearEP_CTR_TX                           0x08002797   Thumb Code    28  usb_regs.o(.text)
    ToggleDTOG_RX                            0x080027b3   Thumb Code    32  usb_regs.o(.text)
    ToggleDTOG_TX                            0x080027d3   Thumb Code    32  usb_regs.o(.text)
    ClearDTOG_RX                             0x080027f3   Thumb Code    46  usb_regs.o(.text)
    ClearDTOG_TX                             0x08002821   Thumb Code    46  usb_regs.o(.text)
    SetEPAddress                             0x0800284f   Thumb Code    32  usb_regs.o(.text)
    GetEPAddress                             0x0800286f   Thumb Code    18  usb_regs.o(.text)
    SetEPTxAddr                              0x08002881   Thumb Code    26  usb_regs.o(.text)
    SetEPRxAddr                              0x0800289b   Thumb Code    42  usb_regs.o(.text)
    GetEPTxAddr                              0x080028c5   Thumb Code    22  usb_regs.o(.text)
    GetEPRxAddr                              0x080028db   Thumb Code    24  usb_regs.o(.text)
    SetEPTxCount                             0x080028f3   Thumb Code    20  usb_regs.o(.text)
    SetEPCountRxReg                          0x08002907   Thumb Code    48  usb_regs.o(.text)
    SetEPRxCount                             0x08002937   Thumb Code    68  usb_regs.o(.text)
    GetEPTxCount                             0x0800297b   Thumb Code    26  usb_regs.o(.text)
    GetEPRxCount                             0x08002995   Thumb Code    26  usb_regs.o(.text)
    SetEPDblBuffAddr                         0x080029af   Thumb Code    44  usb_regs.o(.text)
    SetEPDblBuf0Addr                         0x080029db   Thumb Code    24  usb_regs.o(.text)
    SetEPDblBuf1Addr                         0x080029f3   Thumb Code    26  usb_regs.o(.text)
    GetEPDblBuf0Addr                         0x08002a0d   Thumb Code    22  usb_regs.o(.text)
    GetEPDblBuf1Addr                         0x08002a23   Thumb Code    24  usb_regs.o(.text)
    SetEPDblBuffCount                        0x08002a3b   Thumb Code   186  usb_regs.o(.text)
    SetEPDblBuf0Count                        0x08002af5   Thumb Code    96  usb_regs.o(.text)
    SetEPDblBuf1Count                        0x08002b55   Thumb Code    96  usb_regs.o(.text)
    GetEPDblBuf0Count                        0x08002bb5   Thumb Code    26  usb_regs.o(.text)
    GetEPDblBuf1Count                        0x08002bcf   Thumb Code    26  usb_regs.o(.text)
    GetEPDblBufDir                           0x08002be9   Thumb Code    62  usb_regs.o(.text)
    FreeUserBuffer                           0x08002c27   Thumb Code    74  usb_regs.o(.text)
    ToWord                                   0x08002c71   Thumb Code     8  usb_regs.o(.text)
    ByteSwap                                 0x08002c79   Thumb Code    12  usb_regs.o(.text)
    USB_Cable_Init                           0x08002c91   Thumb Code    26  usb_hw.o(.text)
    USB_Cable_Config                         0x08002cab   Thumb Code    20  usb_hw.o(.text)
    Set_USBClock                             0x08002cc9   Thumb Code    24  hw_config.o(.text)
    Enter_LowPowerMode                       0x08002ce1   Thumb Code     8  hw_config.o(.text)
    Leave_LowPowerMode                       0x08002ce9   Thumb Code    22  hw_config.o(.text)
    USB_Interrupts_Config                    0x08002cff   Thumb Code    56  hw_config.o(.text)
    MAL_Config                               0x08002d37   Thumb Code    10  hw_config.o(.text)
    USB_Disconnect_Config                    0x08002d41   Thumb Code     2  hw_config.o(.text)
    Joystick_Send                            0x08002d43   Thumb Code    66  hw_config.o(.text)
    Get_SerialNum                            0x08002d85   Thumb Code    62  hw_config.o(.text)
    NMIException                             0x08002ddd   Thumb Code     2  stm32f10x_it.o(.text)
    HardFaultException                       0x08002ddf   Thumb Code     4  stm32f10x_it.o(.text)
    MemManageException                       0x08002de3   Thumb Code     4  stm32f10x_it.o(.text)
    BusFaultException                        0x08002de7   Thumb Code     4  stm32f10x_it.o(.text)
    UsageFaultException                      0x08002deb   Thumb Code     4  stm32f10x_it.o(.text)
    DebugMonitor                             0x08002def   Thumb Code     2  stm32f10x_it.o(.text)
    SVCHandler                               0x08002df1   Thumb Code     2  stm32f10x_it.o(.text)
    PendSVC                                  0x08002df3   Thumb Code     2  stm32f10x_it.o(.text)
    SysTickHandler                           0x08002df5   Thumb Code     2  stm32f10x_it.o(.text)
    PVD_IRQHandler                           0x08002df7   Thumb Code     2  stm32f10x_it.o(.text)
    TAMPER_IRQHandler                        0x08002df9   Thumb Code     2  stm32f10x_it.o(.text)
    FLASH_IRQHandler                         0x08002dfb   Thumb Code     2  stm32f10x_it.o(.text)
    RCC_IRQHandler                           0x08002dfd   Thumb Code     2  stm32f10x_it.o(.text)
    EXTI2_IRQHandler                         0x08002dff   Thumb Code     2  stm32f10x_it.o(.text)
    EXTI3_IRQHandler                         0x08002e01   Thumb Code     2  stm32f10x_it.o(.text)
    EXTI4_IRQHandler                         0x08002e03   Thumb Code     2  stm32f10x_it.o(.text)
    DMA1_Channel1_IRQHandler                 0x08002e05   Thumb Code     2  stm32f10x_it.o(.text)
    DMA1_Channel2_IRQHandler                 0x08002e07   Thumb Code     2  stm32f10x_it.o(.text)
    DMA1_Channel3_IRQHandler                 0x08002e09   Thumb Code     2  stm32f10x_it.o(.text)
    DMA1_Channel4_IRQHandler                 0x08002e0b   Thumb Code     2  stm32f10x_it.o(.text)
    DMA1_Channel5_IRQHandler                 0x08002e0d   Thumb Code     2  stm32f10x_it.o(.text)
    DMA1_Channel6_IRQHandler                 0x08002e0f   Thumb Code     2  stm32f10x_it.o(.text)
    DMA1_Channel7_IRQHandler                 0x08002e11   Thumb Code     2  stm32f10x_it.o(.text)
    ADC1_2_IRQHandler                        0x08002e13   Thumb Code     2  stm32f10x_it.o(.text)
    USB_HP_CAN_TX_IRQHandler                 0x08002e15   Thumb Code     2  stm32f10x_it.o(.text)
    USB_LP_CAN_RX0_IRQHandler                0x08002e17   Thumb Code     8  stm32f10x_it.o(.text)
    CAN_RX1_IRQHandler                       0x08002e1f   Thumb Code     2  stm32f10x_it.o(.text)
    CAN_SCE_IRQHandler                       0x08002e21   Thumb Code     2  stm32f10x_it.o(.text)
    TIM1_BRK_IRQHandler                      0x08002e23   Thumb Code     2  stm32f10x_it.o(.text)
    TIM1_UP_IRQHandler                       0x08002e25   Thumb Code     2  stm32f10x_it.o(.text)
    TIM1_TRG_COM_IRQHandler                  0x08002e27   Thumb Code     2  stm32f10x_it.o(.text)
    TIM1_CC_IRQHandler                       0x08002e29   Thumb Code     2  stm32f10x_it.o(.text)
    TIM2_IRQHandler                          0x08002e2b   Thumb Code     2  stm32f10x_it.o(.text)
    TIM4_IRQHandler                          0x08002e2d   Thumb Code     2  stm32f10x_it.o(.text)
    I2C1_EV_IRQHandler                       0x08002e2f   Thumb Code     2  stm32f10x_it.o(.text)
    I2C1_ER_IRQHandler                       0x08002e31   Thumb Code     2  stm32f10x_it.o(.text)
    I2C2_EV_IRQHandler                       0x08002e33   Thumb Code     2  stm32f10x_it.o(.text)
    I2C2_ER_IRQHandler                       0x08002e35   Thumb Code     2  stm32f10x_it.o(.text)
    SPI2_IRQHandler                          0x08002e37   Thumb Code     2  stm32f10x_it.o(.text)
    USART2_IRQHandler                        0x08002e39   Thumb Code     2  stm32f10x_it.o(.text)
    USART3_IRQHandler                        0x08002e3b   Thumb Code     2  stm32f10x_it.o(.text)
    EXTI15_10_IRQHandler                     0x08002e3d   Thumb Code     2  stm32f10x_it.o(.text)
    RTCAlarm_IRQHandler                      0x08002e3f   Thumb Code     2  stm32f10x_it.o(.text)
    USBWakeUp_IRQHandler                     0x08002e41   Thumb Code    14  stm32f10x_it.o(.text)
    TIM8_BRK_IRQHandler                      0x08002e4f   Thumb Code     2  stm32f10x_it.o(.text)
    TIM8_UP_IRQHandler                       0x08002e51   Thumb Code     2  stm32f10x_it.o(.text)
    TIM8_TRG_COM_IRQHandler                  0x08002e53   Thumb Code     2  stm32f10x_it.o(.text)
    TIM8_CC_IRQHandler                       0x08002e55   Thumb Code     2  stm32f10x_it.o(.text)
    ADC3_IRQHandler                          0x08002e57   Thumb Code     2  stm32f10x_it.o(.text)
    FSMC_IRQHandler                          0x08002e59   Thumb Code     2  stm32f10x_it.o(.text)
    SDIO_IRQHandler                          0x08002e5b   Thumb Code     2  stm32f10x_it.o(.text)
    TIM5_IRQHandler                          0x08002e5d   Thumb Code     2  stm32f10x_it.o(.text)
    SPI3_IRQHandler                          0x08002e5f   Thumb Code     2  stm32f10x_it.o(.text)
    UART4_IRQHandler                         0x08002e61   Thumb Code     2  stm32f10x_it.o(.text)
    UART5_IRQHandler                         0x08002e63   Thumb Code     2  stm32f10x_it.o(.text)
    TIM6_IRQHandler                          0x08002e65   Thumb Code     2  stm32f10x_it.o(.text)
    TIM7_IRQHandler                          0x08002e67   Thumb Code     2  stm32f10x_it.o(.text)
    DMA2_Channel1_IRQHandler                 0x08002e69   Thumb Code     2  stm32f10x_it.o(.text)
    DMA2_Channel2_IRQHandler                 0x08002e6b   Thumb Code     2  stm32f10x_it.o(.text)
    DMA2_Channel3_IRQHandler                 0x08002e6d   Thumb Code     2  stm32f10x_it.o(.text)
    DMA2_Channel4_5_IRQHandler               0x08002e6f   Thumb Code     2  stm32f10x_it.o(.text)
    USB_Istr                                 0x08002e75   Thumb Code   222  usb_istr.o(.text)
    EP1_IN_Callback                          0x08002f53   Thumb Code     8  usb_istr.o(.text)
    EP2_IN_Callback                          0x08002f5b   Thumb Code     8  usb_istr.o(.text)
    EP1_OUT_Callback                         0x08002f63   Thumb Code    10  usb_istr.o(.text)
    EP3_IN_Callback                          0x08002f6d   Thumb Code     8  usb_istr.o(.text)
    EP5_IN_Callback                          0x08002f75   Thumb Code     8  usb_istr.o(.text)
    EP7_OUT_Callback                         0x08002f7d   Thumb Code    36  usb_istr.o(.text)
    EP4_OUT_Callback                         0x08002fa1   Thumb Code     8  usb_istr.o(.text)
    Joystick_init                            0x08002fd5   Thumb Code    50  usb_prop.o(.text)
    Joystick_Reset                           0x08003007   Thumb Code   306  usb_prop.o(.text)
    Joystick_SetConfiguration                0x08003139   Thumb Code    36  usb_prop.o(.text)
    Joystick_SetDeviceAddress                0x0800315d   Thumb Code     8  usb_prop.o(.text)
    Joystick_Status_In                       0x08003165   Thumb Code     2  usb_prop.o(.text)
    Joystick_Status_Out                      0x08003167   Thumb Code     2  usb_prop.o(.text)
    Get_Max_Lun                              0x08003169   Thumb Code    20  usb_prop.o(.text)
    Joystick_GetProtocolValue                0x0800317d   Thumb Code    20  usb_prop.o(.text)
    Mouse_GetHIDDescriptor                   0x08003191   Thumb Code    14  usb_prop.o(.text)
    KP_GetHIDDescriptor                      0x0800319f   Thumb Code    14  usb_prop.o(.text)
    Mouse_GetReportDescriptor                0x080031ad   Thumb Code    20  usb_prop.o(.text)
    KP_GetReportDescriptor                   0x080031c1   Thumb Code    14  usb_prop.o(.text)
    Joystick_Data_Setup                      0x080031cf   Thumb Code   200  usb_prop.o(.text)
    Joystick_SetProtocol                     0x08003297   Thumb Code    14  usb_prop.o(.text)
    Joystick_NoData_Setup                    0x080032a5   Thumb Code   100  usb_prop.o(.text)
    Joystick_GetDeviceDescriptor             0x08003309   Thumb Code    14  usb_prop.o(.text)
    Joystick_GetConfigDescriptor             0x08003317   Thumb Code    14  usb_prop.o(.text)
    Joystick_GetStringDescriptor             0x08003325   Thumb Code    32  usb_prop.o(.text)
    Joystick_Get_Interface_Setting           0x08003345   Thumb Code    22  usb_prop.o(.text)
    Joystick_ClearFeature                    0x0800335b   Thumb Code    20  usb_prop.o(.text)
    PowerOn                                  0x080033bd   Thumb Code    58  usb_pwr.o(.text)
    PowerOff                                 0x080033f7   Thumb Code    28  usb_pwr.o(.text)
    Suspend                                  0x08003413   Thumb Code    34  usb_pwr.o(.text)
    Resume_Init                              0x08003435   Thumb Code    30  usb_pwr.o(.text)
    Resume                                   0x08003453   Thumb Code   168  usb_pwr.o(.text)
    MAL_Init                                 0x08003509   Thumb Code    26  mass_mal.o(.text)
    MAL_Write                                0x08003523   Thumb Code    58  mass_mal.o(.text)
    MAL_Read                                 0x0800355d   Thumb Code    58  mass_mal.o(.text)
    MAL_GetStatus                            0x08003597   Thumb Code    30  mass_mal.o(.text)
    Set_CSW                                  0x080035b5   Thumb Code    54  usb_bot.o(.text)
    Mass_Storage_In                          0x080035eb   Thumb Code   124  usb_bot.o(.text)
    Bot_Abort                                0x08003667   Thumb Code    64  usb_bot.o(.text)
    CBW_Decode                               0x080036a7   Thumb Code   676  usb_bot.o(.text)
    Mass_Storage_Out                         0x0800394b   Thumb Code   198  usb_bot.o(.text)
    Transfer_Data_Request                    0x08003a11   Thumb Code    54  usb_bot.o(.text)
    SCSI_Inquiry_Cmd                         0x08003a55   Thumb Code    54  usb_scsi.o(.text)
    Set_Scsi_Sense_Data                      0x08003a8b   Thumb Code     8  usb_scsi.o(.text)
    SCSI_ReadFormatCapacity_Cmd              0x08003a93   Thumb Code   120  usb_scsi.o(.text)
    SCSI_ReadCapacity10_Cmd                  0x08003b0b   Thumb Code   138  usb_scsi.o(.text)
    SCSI_ModeSense6_Cmd                      0x08003b95   Thumb Code    14  usb_scsi.o(.text)
    SCSI_ModeSense10_Cmd                     0x08003ba3   Thumb Code    14  usb_scsi.o(.text)
    SCSI_RequestSense_Cmd                    0x08003bb1   Thumb Code    30  usb_scsi.o(.text)
    SCSI_Start_Stop_Unit_Cmd                 0x08003bcf   Thumb Code    14  usb_scsi.o(.text)
    SCSI_Address_Management                  0x08003bdd   Thumb Code   126  usb_scsi.o(.text)
    SCSI_Read10_Cmd                          0x08003c5b   Thumb Code   110  usb_scsi.o(.text)
    SCSI_Write10_Cmd                         0x08003cc9   Thumb Code   110  usb_scsi.o(.text)
    SCSI_Verify10_Cmd                        0x08003d37   Thumb Code    58  usb_scsi.o(.text)
    SCSI_Valid_Cmd                           0x08003d71   Thumb Code    48  usb_scsi.o(.text)
    SCSI_TestUnitReady_Cmd                   0x08003da1   Thumb Code    52  usb_scsi.o(.text)
    SCSI_Format_Cmd                          0x08003dd5   Thumb Code    44  usb_scsi.o(.text)
    SCSI_Invalid_Cmd                         0x08003e01   Thumb Code   112  usb_scsi.o(.text)
    Read_Memory                              0x08003e71   Thumb Code   244  memory.o(.text)
    Write_Memory                             0x08003f65   Thumb Code   268  memory.o(.text)
    __use_no_semihosting                     0x080040b1   Thumb Code     2  use_no_semi_2.o(.text)
    __2printf                                0x080040b5   Thumb Code    20  noretval__2printf.o(.text)
    __printf                                 0x080040cd   Thumb Code   104  __printf.o(.text)
    _printf_int_dec                          0x08004135   Thumb Code   104  _printf_dec.o(.text)
    _printf_int_hex                          0x080041ad   Thumb Code    84  _printf_hex_int.o(.text)
    _printf_longlong_hex                     0x080041ad   Thumb Code     0  _printf_hex_int.o(.text)
    putc                                     0x08004205   Thumb Code     4  putc.o(.text)
    __use_two_region_memory                  0x08004209   Thumb Code     2  heapauxi.o(.text)
    __rt_heap_escrow$2region                 0x0800420b   Thumb Code     2  heapauxi.o(.text)
    __rt_heap_expand$2region                 0x0800420d   Thumb Code     2  heapauxi.o(.text)
    __I$use$semihosting                      0x0800420f   Thumb Code     0  use_no_semi.o(.text)
    __use_no_semihosting_swi                 0x0800420f   Thumb Code     2  use_no_semi.o(.text)
    _printf_int_common                       0x08004211   Thumb Code   178  _printf_intcommon.o(.text)
    _printf_char_file                        0x080042c5   Thumb Code    32  _printf_char_file.o(.text)
    _printf_char_common                      0x080042f3   Thumb Code    32  _printf_char_common.o(.text)
    ferror                                   0x08004319   Thumb Code     8  ferror.o(.text)
    __user_setup_stackheap                   0x08004321   Thumb Code    74  sys_stackheap_outer.o(.text)
    exit                                     0x0800436b   Thumb Code    12  exit.o(.text)
    __user_libspace                          0x08004379   Thumb Code     8  libspace.o(.text)
    __user_perproc_libspace                  0x08004379   Thumb Code     0  libspace.o(.text)
    __user_perthread_libspace                0x08004379   Thumb Code     0  libspace.o(.text)
    __aeabi_fadd                             0x08004381   Thumb Code     0  faddsub_clz.o(x$fpl$fadd)
    _fadd                                    0x08004381   Thumb Code   196  faddsub_clz.o(x$fpl$fadd)
    __aeabi_fdiv                             0x08004445   Thumb Code     0  fdiv.o(x$fpl$fdiv)
    _fdiv                                    0x08004445   Thumb Code   384  fdiv.o(x$fpl$fdiv)
    __aeabi_f2uiz                            0x080045c9   Thumb Code     0  ffixu.o(x$fpl$ffixu)
    _ffixu                                   0x080045c9   Thumb Code    62  ffixu.o(x$fpl$ffixu)
    __aeabi_ui2f                             0x08004609   Thumb Code     0  fflt_clz.o(x$fpl$ffltu)
    _ffltu                                   0x08004609   Thumb Code    38  fflt_clz.o(x$fpl$ffltu)
    __aeabi_fmul                             0x08004631   Thumb Code     0  fmul.o(x$fpl$fmul)
    _fmul                                    0x08004631   Thumb Code   258  fmul.o(x$fpl$fmul)
    __fpl_fnaninf                            0x08004733   Thumb Code   140  fnaninf.o(x$fpl$fnaninf)
    __fpl_fretinf                            0x080047bf   Thumb Code    10  fretinf.o(x$fpl$fretinf)
    __aeabi_frsub                            0x080047c9   Thumb Code     0  faddsub_clz.o(x$fpl$frsb)
    _frsb                                    0x080047c9   Thumb Code    20  faddsub_clz.o(x$fpl$frsb)
    __aeabi_fsub                             0x080047dd   Thumb Code     0  faddsub_clz.o(x$fpl$fsub)
    _fsub                                    0x080047dd   Thumb Code   234  faddsub_clz.o(x$fpl$fsub)
    Joystick_DeviceDescriptor                0x080048c6   Data          18  usb_desc.o(.constdata)
    __I$use$fp                               0x080048c6   Number         0  usenofp.o(x$fpl$usenofp)
    Joystick_ConfigDescriptor                0x080048d8   Data          89  usb_desc.o(.constdata)
    KeyboardReportDescriptor                 0x08004931   Data          63  usb_desc.o(.constdata)
    MouseReportDescriptor                    0x08004970   Data          54  usb_desc.o(.constdata)
    Joystick_StringLangID                    0x080049a6   Data           4  usb_desc.o(.constdata)
    Joystick_StringVendor                    0x080049aa   Data          38  usb_desc.o(.constdata)
    Joystick_StringProduct                   0x080049d0   Data          30  usb_desc.o(.constdata)
    Region$$Table$$Base                      0x08004a18   Number         0  anon$$obj.o(Region$$Table)
    Region$$Table$$Limit                     0x08004a38   Number         0  anon$$obj.o(Region$$Table)
    __stdout                                 0x20000004   Data           4  usart.o(.data)
    SPI_FLASH_TYPE                           0x20000008   Data           2  w25q16.o(.data)
    StatusInfo                               0x2000000c   Data           2  usb_core.o(.data)
    Data_Mul_MaxPacketSize                   0x2000000e   Data           1  usb_core.o(.data)
    EPindex                                  0x20000010   Data           1  usb_init.o(.data)
    pInformation                             0x20000014   Data           4  usb_init.o(.data)
    pProperty                                0x20000018   Data           4  usb_init.o(.data)
    SaveState                                0x2000001c   Data           2  usb_init.o(.data)
    wInterrupt_Mask                          0x2000001e   Data           2  usb_init.o(.data)
    pUser_Standard_Requests                  0x20000020   Data           4  usb_init.o(.data)
    SaveRState                               0x20000024   Data           2  usb_int.o(.data)
    SaveTState                               0x20000026   Data           2  usb_int.o(.data)
    dev_sel                                  0x20000028   Data           1  usb_desc.o(.data)
    Joystick_StringSerial                    0x20000029   Data          26  usb_desc.o(.data)
    wIstr                                    0x20000044   Data           2  usb_istr.o(.data)
    bIntPackSOF                              0x20000046   Data           1  usb_istr.o(.data)
    pEpInt_IN                                0x20000048   Data          28  usb_istr.o(.data)
    pEpInt_OUT                               0x20000064   Data          28  usb_istr.o(.data)
    EP1BUSY                                  0x20000080   Data           1  usb_istr.o(.data)
    EP2BUSY                                  0x20000081   Data           1  usb_istr.o(.data)
    count_out                                0x20000084   Data           4  usb_istr.o(.data)
    count_in                                 0x20000088   Data           4  usb_istr.o(.data)
    ProtocolValue                            0x2000008c   Data           4  usb_prop.o(.data)
    Max_Lun                                  0x20000090   Data           4  usb_prop.o(.data)
    Device_Table                             0x20000094   Data           2  usb_prop.o(.data)
    Device_Property                          0x20000098   Data          48  usb_prop.o(.data)
    User_Standard_Requests                   0x200000c8   Data          36  usb_prop.o(.data)
    Device_Descriptor                        0x200000ec   Data           8  usb_prop.o(.data)
    Config_Descriptor                        0x200000f4   Data           8  usb_prop.o(.data)
    KP_Report_Descriptor                     0x200000fc   Data           8  usb_prop.o(.data)
    KP_Hid_Descriptor                        0x20000104   Data           8  usb_prop.o(.data)
    Mouse_Report_Descriptor                  0x2000010c   Data           8  usb_prop.o(.data)
    Mouse_Hid_Descriptor                     0x20000114   Data           8  usb_prop.o(.data)
    String_Descriptor                        0x2000011c   Data          40  usb_prop.o(.data)
    INIT_OK                                  0x20000144   Data           1  usb_prop.o(.data)
    bDeviceState                             0x20000148   Data           4  usb_pwr.o(.data)
    fSuspendEnabled                          0x2000014c   Data           1  usb_pwr.o(.data)
    ResumeS                                  0x2000014d   Data           2  usb_pwr.o(.data)
    Mass_Memory_Size                         0x20000150   Data           8  mass_mal.o(.data)
    Mass_Block_Size                          0x20000158   Data           4  mass_mal.o(.data)
    Mass_Block_Count                         0x2000015c   Data           4  mass_mal.o(.data)
    Bot_State                                0x20000160   Data           1  usb_bot.o(.data)
    Data_Len                                 0x20000162   Data           2  usb_bot.o(.data)
    SCSI_LBA                                 0x20000164   Data           4  usb_bot.o(.data)
    SCSI_BlkLen                              0x20000168   Data           4  usb_bot.o(.data)
    Block_Read_count                         0x2000016c   Data           4  memory.o(.data)
    Block_offset                             0x20000170   Data           4  memory.o(.data)
    Counter                                  0x20000174   Data           4  memory.o(.data)
    Idx                                      0x20000178   Data           4  memory.o(.data)
    TransferState                            0x2000017c   Data           1  memory.o(.data)
    USB_STATUS_REG                           0x2000017d   Data           1  memory.o(.data)
    Page00_Inquiry_Data                      0x20000190   Data           5  scsi_data.o(.data)
    Standard_Inquiry_Data                    0x20000195   Data          37  scsi_data.o(.data)
    Standard_Inquiry_Data2                   0x200001ba   Data          36  scsi_data.o(.data)
    Mode_Sense6_data                         0x200001de   Data           4  scsi_data.o(.data)
    Mode_Sense10_data                        0x200001e2   Data           8  scsi_data.o(.data)
    Scsi_Sense_Data                          0x200001ea   Data          18  scsi_data.o(.data)
    ReadCapacity10_Data                      0x200001fc   Data           8  scsi_data.o(.data)
    ReadFormatCapacity_Data                  0x20000204   Data          12  scsi_data.o(.data)
    commu_buf                                0x20000210   Data         514  commu.o(.bss)
    SPI_FLASH_BUF                            0x20000412   Data        4096  w25q16.o(.bss)
    Device_Info                              0x20001414   Data          28  usb_init.o(.bss)
    buffer_out                               0x20001430   Data          64  usb_istr.o(.bss)
    Bulk_Data_Buff                           0x20001470   Data          64  usb_bot.o(.bss)
    CBW                                      0x200014b0   Data          32  usb_bot.o(.bss)
    CSW                                      0x200014d0   Data          16  usb_bot.o(.bss)
    Data_Buffer                              0x200014e0   Data         512  memory.o(.bss)
    __libspace_start                         0x200016e0   Data          96  libspace.o(.bss)
    __temporary_stack_top$libspace           0x20001740   Data           0  libspace.o(.bss)



==============================================================================

Memory Map of the image

  Image Entry point : 0x080000ed

  Load Region LR_IROM1 (Base: 0x08000000, Size: 0x00004c48, Max: 0x00020000, ABSOLUTE, COMPRESSED[0x00004b1c])

    Execution Region ER_IROM1 (Base: 0x08000000, Size: 0x00004a38, Max: 0x00020000, ABSOLUTE)

    Base Addr    Size         Type   Attr      Idx    E Section Name        Object

    0x08000000   0x000000ec   Data   RO            3    RESET               stm32f10x.o
    0x080000ec   0x00000008   Code   RO          729  * !!!main             c_w.l(__main.o)
    0x080000f4   0x00000034   Code   RO          927    !!!scatter          c_w.l(__scatter.o)
    0x08000128   0x0000005a   Code   RO          925    !!dczerorl2         c_w.l(__dczerorl2.o)
    0x08000182   0x00000002   PAD
    0x08000184   0x0000001c   Code   RO          929    !!handler_zi        c_w.l(__scatter_zi.o)
    0x080001a0   0x00000000   Code   RO          724    .ARM.Collect$$_printf_percent$$00000000  c_w.l(_printf_percent.o)
    0x080001a0   0x00000006   Code   RO          723    .ARM.Collect$$_printf_percent$$00000009  c_w.l(_printf_d.o)
    0x080001a6   0x00000006   Code   RO          722    .ARM.Collect$$_printf_percent$$0000000C  c_w.l(_printf_x.o)
    0x080001ac   0x00000004   Code   RO          762    .ARM.Collect$$_printf_percent$$00000017  c_w.l(_printf_percent_end.o)
    0x080001b0   0x00000002   Code   RO          800    .ARM.Collect$$libinit$$00000000  c_w.l(libinit.o)
    0x080001b2   0x00000000   Code   RO          807    .ARM.Collect$$libinit$$00000002  c_w.l(libinit2.o)
    0x080001b2   0x00000000   Code   RO          809    .ARM.Collect$$libinit$$00000004  c_w.l(libinit2.o)
    0x080001b2   0x00000000   Code   RO          812    .ARM.Collect$$libinit$$0000000A  c_w.l(libinit2.o)
    0x080001b2   0x00000000   Code   RO          814    .ARM.Collect$$libinit$$0000000C  c_w.l(libinit2.o)
    0x080001b2   0x00000000   Code   RO          816    .ARM.Collect$$libinit$$0000000E  c_w.l(libinit2.o)
    0x080001b2   0x00000000   Code   RO          819    .ARM.Collect$$libinit$$00000011  c_w.l(libinit2.o)
    0x080001b2   0x00000000   Code   RO          821    .ARM.Collect$$libinit$$00000013  c_w.l(libinit2.o)
    0x080001b2   0x00000000   Code   RO          823    .ARM.Collect$$libinit$$00000015  c_w.l(libinit2.o)
    0x080001b2   0x00000000   Code   RO          825    .ARM.Collect$$libinit$$00000017  c_w.l(libinit2.o)
    0x080001b2   0x00000000   Code   RO          827    .ARM.Collect$$libinit$$00000019  c_w.l(libinit2.o)
    0x080001b2   0x00000000   Code   RO          829    .ARM.Collect$$libinit$$0000001B  c_w.l(libinit2.o)
    0x080001b2   0x00000000   Code   RO          831    .ARM.Collect$$libinit$$0000001D  c_w.l(libinit2.o)
    0x080001b2   0x00000000   Code   RO          833    .ARM.Collect$$libinit$$0000001F  c_w.l(libinit2.o)
    0x080001b2   0x00000000   Code   RO          835    .ARM.Collect$$libinit$$00000021  c_w.l(libinit2.o)
    0x080001b2   0x00000000   Code   RO          837    .ARM.Collect$$libinit$$00000023  c_w.l(libinit2.o)
    0x080001b2   0x00000000   Code   RO          839    .ARM.Collect$$libinit$$00000025  c_w.l(libinit2.o)
    0x080001b2   0x00000000   Code   RO          843    .ARM.Collect$$libinit$$0000002C  c_w.l(libinit2.o)
    0x080001b2   0x00000000   Code   RO          845    .ARM.Collect$$libinit$$0000002E  c_w.l(libinit2.o)
    0x080001b2   0x00000000   Code   RO          847    .ARM.Collect$$libinit$$00000030  c_w.l(libinit2.o)
    0x080001b2   0x00000000   Code   RO          849    .ARM.Collect$$libinit$$00000032  c_w.l(libinit2.o)
    0x080001b2   0x00000002   Code   RO          850    .ARM.Collect$$libinit$$00000033  c_w.l(libinit2.o)
    0x080001b4   0x00000002   Code   RO          868    .ARM.Collect$$libshutdown$$00000000  c_w.l(libshutdown.o)
    0x080001b6   0x00000000   Code   RO          879    .ARM.Collect$$libshutdown$$00000003  c_w.l(libshutdown2.o)
    0x080001b6   0x00000000   Code   RO          882    .ARM.Collect$$libshutdown$$00000006  c_w.l(libshutdown2.o)
    0x080001b6   0x00000000   Code   RO          885    .ARM.Collect$$libshutdown$$00000009  c_w.l(libshutdown2.o)
    0x080001b6   0x00000000   Code   RO          887    .ARM.Collect$$libshutdown$$0000000B  c_w.l(libshutdown2.o)
    0x080001b6   0x00000000   Code   RO          890    .ARM.Collect$$libshutdown$$0000000E  c_w.l(libshutdown2.o)
    0x080001b6   0x00000002   Code   RO          891    .ARM.Collect$$libshutdown$$0000000F  c_w.l(libshutdown2.o)
    0x080001b8   0x00000000   Code   RO          755    .ARM.Collect$$rtentry$$00000000  c_w.l(__rtentry.o)
    0x080001b8   0x00000000   Code   RO          769    .ARM.Collect$$rtentry$$00000002  c_w.l(__rtentry2.o)
    0x080001b8   0x00000006   Code   RO          781    .ARM.Collect$$rtentry$$00000004  c_w.l(__rtentry4.o)
    0x080001be   0x00000000   Code   RO          771    .ARM.Collect$$rtentry$$00000009  c_w.l(__rtentry2.o)
    0x080001be   0x00000004   Code   RO          772    .ARM.Collect$$rtentry$$0000000A  c_w.l(__rtentry2.o)
    0x080001c2   0x00000000   Code   RO          774    .ARM.Collect$$rtentry$$0000000C  c_w.l(__rtentry2.o)
    0x080001c2   0x00000008   Code   RO          775    .ARM.Collect$$rtentry$$0000000D  c_w.l(__rtentry2.o)
    0x080001ca   0x00000002   Code   RO          804    .ARM.Collect$$rtexit$$00000000  c_w.l(rtexit.o)
    0x080001cc   0x00000000   Code   RO          852    .ARM.Collect$$rtexit$$00000002  c_w.l(rtexit2.o)
    0x080001cc   0x00000004   Code   RO          853    .ARM.Collect$$rtexit$$00000003  c_w.l(rtexit2.o)
    0x080001d0   0x00000006   Code   RO          854    .ARM.Collect$$rtexit$$00000004  c_w.l(rtexit2.o)
    0x080001d6   0x00000002   PAD
    0x080001d8   0x00000002   Code   RO          204    .emb_text           sys.o
    0x080001da   0x00000002   PAD
    0x080001dc   0x00000034   Code   RO            4    .text               stm32f10x.o
    0x08000210   0x000000dc   Code   RO           10    .text               test.o
    0x080002ec   0x000000b0   Code   RO          190    .text               delay.o
    0x0800039c   0x000002dc   Code   RO          205    .text               sys.o
    0x08000678   0x000000e8   Code   RO          220    .text               usart.o
    0x08000760   0x000005b4   Code   RO          240    .text               stm32lib.o
    0x08000d14   0x0000017c   Code   RO          252    .text               commu.o
    0x08000e90   0x00000480   Code   RO          280    .text               w25q16.o
    0x08001310   0x0000023c   Code   RO          302    .text               spi.o
    0x0800154c   0x00000b20   Code   RO          316    .text               usb_core.o
    0x0800206c   0x0000003c   Code   RO          346    .text               usb_init.o
    0x080020a8   0x000003d4   Code   RO          369    .text               usb_int.o
    0x0800247c   0x0000005c   Code   RO          393    .text               usb_mem.o
    0x080024d8   0x000007b8   Code   RO          405    .text               usb_regs.o
    0x08002c90   0x00000038   Code   RO          417    .text               usb_hw.o
    0x08002cc8   0x00000114   Code   RO          429    .text               hw_config.o
    0x08002ddc   0x00000098   Code   RO          448    .text               stm32f10x_it.o
    0x08002e74   0x00000160   Code   RO          479    .text               usb_istr.o
    0x08002fd4   0x000003e8   Code   RO          526    .text               usb_prop.o
    0x080033bc   0x0000014c   Code   RO          554    .text               usb_pwr.o
    0x08003508   0x000000ac   Code   RO          572    .text               mass_mal.o
    0x080035b4   0x000004a0   Code   RO          593    .text               usb_bot.o
    0x08003a54   0x0000041c   Code   RO          621    .text               usb_scsi.o
    0x08003e70   0x00000240   Code   RO          634    .text               memory.o
    0x080040b0   0x00000002   Code   RO          668    .text               c_w.l(use_no_semi_2.o)
    0x080040b2   0x00000002   PAD
    0x080040b4   0x00000018   Code   RO          672    .text               c_w.l(noretval__2printf.o)
    0x080040cc   0x00000068   Code   RO          674    .text               c_w.l(__printf.o)
    0x08004134   0x00000078   Code   RO          678    .text               c_w.l(_printf_dec.o)
    0x080041ac   0x00000058   Code   RO          683    .text               c_w.l(_printf_hex_int.o)
    0x08004204   0x00000004   Code   RO          725    .text               c_w.l(putc.o)
    0x08004208   0x00000006   Code   RO          727    .text               c_w.l(heapauxi.o)
    0x0800420e   0x00000002   Code   RO          753    .text               c_w.l(use_no_semi.o)
    0x08004210   0x000000b2   Code   RO          756    .text               c_w.l(_printf_intcommon.o)
    0x080042c2   0x00000002   PAD
    0x080042c4   0x00000024   Code   RO          760    .text               c_w.l(_printf_char_file.o)
    0x080042e8   0x00000030   Code   RO          783    .text               c_w.l(_printf_char_common.o)
    0x08004318   0x00000008   Code   RO          785    .text               c_w.l(ferror.o)
    0x08004320   0x0000004a   Code   RO          789    .text               c_w.l(sys_stackheap_outer.o)
    0x0800436a   0x0000000c   Code   RO          793    .text               c_w.l(exit.o)
    0x08004376   0x00000002   PAD
    0x08004378   0x00000008   Code   RO          801    .text               c_w.l(libspace.o)
    0x08004380   0x000000c4   Code   RO          731    x$fpl$fadd          fz_ws.l(faddsub_clz.o)
    0x08004444   0x00000184   Code   RO          738    x$fpl$fdiv          fz_ws.l(fdiv.o)
    0x080045c8   0x0000003e   Code   RO          741    x$fpl$ffixu         fz_ws.l(ffixu.o)
    0x08004606   0x00000002   PAD
    0x08004608   0x00000026   Code   RO          745    x$fpl$ffltu         fz_ws.l(fflt_clz.o)
    0x0800462e   0x00000002   PAD
    0x08004630   0x00000102   Code   RO          751    x$fpl$fmul          fz_ws.l(fmul.o)
    0x08004732   0x0000008c   Code   RO          763    x$fpl$fnaninf       fz_ws.l(fnaninf.o)
    0x080047be   0x0000000a   Code   RO          765    x$fpl$fretinf       fz_ws.l(fretinf.o)
    0x080047c8   0x00000014   Code   RO          732    x$fpl$frsb          fz_ws.l(faddsub_clz.o)
    0x080047dc   0x000000ea   Code   RO          733    x$fpl$fsub          fz_ws.l(faddsub_clz.o)
    0x080048c6   0x00000000   Code   RO          767    x$fpl$usenofp       fz_ws.l(usenofp.o)
    0x080048c6   0x00000128   Data   RO          466    .constdata          usb_desc.o
    0x080049ee   0x00000028   Data   RO          684    .constdata          c_w.l(_printf_hex_int.o)
    0x08004a16   0x00000002   PAD
    0x08004a18   0x00000020   Data   RO          923    Region$$Table       anon$$obj.o


    Execution Region RW_IRAM1 (Base: 0x20000000, Size: 0x00001940, Max: 0x00005000, ABSOLUTE, COMPRESSED[0x000000e4])

    Base Addr    Size         Type   Attr      Idx    E Section Name        Object

    0x20000000   0x00000004   Data   RW          191    .data               delay.o
    0x20000004   0x00000004   Data   RW          221    .data               usart.o
    0x20000008   0x00000002   Data   RW          282    .data               w25q16.o
    0x2000000a   0x00000001   Data   RW          303    .data               spi.o
    0x2000000b   0x00000001   PAD
    0x2000000c   0x00000003   Data   RW          317    .data               usb_core.o
    0x2000000f   0x00000001   PAD
    0x20000010   0x00000014   Data   RW          348    .data               usb_init.o
    0x20000024   0x00000004   Data   RW          370    .data               usb_int.o
    0x20000028   0x0000001b   Data   RW          467    .data               usb_desc.o
    0x20000043   0x00000001   PAD
    0x20000044   0x00000048   Data   RW          481    .data               usb_istr.o
    0x2000008c   0x000000b9   Data   RW          527    .data               usb_prop.o
    0x20000145   0x00000003   PAD
    0x20000148   0x00000007   Data   RW          555    .data               usb_pwr.o
    0x2000014f   0x00000001   PAD
    0x20000150   0x00000010   Data   RW          573    .data               mass_mal.o
    0x20000160   0x0000000c   Data   RW          595    .data               usb_bot.o
    0x2000016c   0x00000024   Data   RW          636    .data               memory.o
    0x20000190   0x00000080   Data   RW          654    .data               scsi_data.o
    0x20000210   0x00000202   Zero   RW          253    .bss                commu.o
    0x20000412   0x00001000   Zero   RW          281    .bss                w25q16.o
    0x20001412   0x00000002   PAD
    0x20001414   0x0000001c   Zero   RW          347    .bss                usb_init.o
    0x20001430   0x00000040   Zero   RW          480    .bss                usb_istr.o
    0x20001470   0x00000070   Zero   RW          594    .bss                usb_bot.o
    0x200014e0   0x00000200   Zero   RW          635    .bss                memory.o
    0x200016e0   0x00000060   Zero   RW          802    .bss                c_w.l(libspace.o)
    0x20001740   0x00000000   Zero   RW            2    HEAP                stm32f10x.o
    0x20001740   0x00000200   Zero   RW            1    STACK               stm32f10x.o


==============================================================================

Image component sizes


      Code (inc. data)   RO Data    RW Data    ZI Data      Debug   Object Name

       380         62          0          0        514       2359   commu.o
       176          8          0          4          0       1019   delay.o
       276         26          0          0          0       2188   hw_config.o
       172          0          0         16          0       2396   mass_mal.o
       576         64          0         36        512       2312   memory.o
         0          0          0        128          0       1042   scsi_data.o
       572         20          0          1          0       1449   spi.o
        52         18        236          0        512        788   stm32f10x.o
       152          4          0          0          0       6738   stm32f10x_it.o
      1460         46          0          0          0       5602   stm32lib.o
       734         48          0          0          0       2711   sys.o
       220         46          0          0          0      20531   test.o
       232         18          0          4          0       2790   usart.o
      1184         70          0         12        112       3801   usb_bot.o
      2848        112          0          3          0      18899   usb_core.o
         0          0        296         27          0       1130   usb_desc.o
        56         10          0          0          0        646   usb_hw.o
        60         24          0         20         28       3934   usb_init.o
       980         32          0          4          0       1788   usb_int.o
       352         44          0         72         64       4701   usb_istr.o
        92          6          0          0          0       1306   usb_mem.o
      1000         78          0        185          0       8649   usb_prop.o
       332         22          0          7          0       2657   usb_pwr.o
      1976         26          0          0          0      11549   usb_regs.o
      1052         48          0          0          0       4505   usb_scsi.o
      1152         16          0          2       4096       4569   w25q16.o

    ----------------------------------------------------------------------
     16088        848        564        528       5840     120059   Object Totals
         0          0         32          0          0          0   (incl. Generated)
         2          0          0          7          2          0   (incl. Padding)

    ----------------------------------------------------------------------

      Code (inc. data)   RO Data    RW Data    ZI Data      Debug   Library Member Name

        90          0          0          0          0          0   __dczerorl2.o
         8          0          0          0          0         68   __main.o
       104          0          0          0          0         84   __printf.o
         0          0          0          0          0          0   __rtentry.o
        12          0          0          0          0          0   __rtentry2.o
         6          0          0          0          0          0   __rtentry4.o
        52          8          0          0          0          0   __scatter.o
        28          0          0          0          0          0   __scatter_zi.o
        48          6          0          0          0         96   _printf_char_common.o
        36          4          0          0          0         80   _printf_char_file.o
         6          0          0          0          0          0   _printf_d.o
       120         16          0          0          0         92   _printf_dec.o
        88          4         40          0          0         88   _printf_hex_int.o
       178          0          0          0          0         88   _printf_intcommon.o
         0          0          0          0          0          0   _printf_percent.o
         4          0          0          0          0          0   _printf_percent_end.o
         6          0          0          0          0          0   _printf_x.o
        12          0          0          0          0         72   exit.o
         8          0          0          0          0         68   ferror.o
         6          0          0          0          0        152   heapauxi.o
         2          0          0          0          0          0   libinit.o
         2          0          0          0          0          0   libinit2.o
         2          0          0          0          0          0   libshutdown.o
         2          0          0          0          0          0   libshutdown2.o
         8          4          0          0         96         68   libspace.o
        24          4          0          0          0         84   noretval__2printf.o
         4          0          0          0          0         68   putc.o
         2          0          0          0          0          0   rtexit.o
        10          0          0          0          0          0   rtexit2.o
        74          0          0          0          0         80   sys_stackheap_outer.o
         2          0          0          0          0         68   use_no_semi.o
         2          0          0          0          0         68   use_no_semi_2.o
       450          8          0          0          0        236   faddsub_clz.o
       388         76          0          0          0         96   fdiv.o
        62          4          0          0          0         84   ffixu.o
        38          0          0          0          0         68   fflt_clz.o
       258          4          0          0          0         84   fmul.o
       140          4          0          0          0         84   fnaninf.o
        10          0          0          0          0         68   fretinf.o
         0          0          0          0          0          0   usenofp.o

    ----------------------------------------------------------------------
      2306        142         42          0         96       2044   Library Totals
        14          0          2          0          0          0   (incl. Padding)

    ----------------------------------------------------------------------

      Code (inc. data)   RO Data    RW Data    ZI Data      Debug   Library Name

       946         46         40          0         96       1324   c_w.l
      1346         96          0          0          0        720   fz_ws.l

    ----------------------------------------------------------------------
      2306        142         42          0         96       2044   Library Totals

    ----------------------------------------------------------------------

==============================================================================


      Code (inc. data)   RO Data    RW Data    ZI Data      Debug   

     18394        990        606        528       5936     118875   Grand Totals
     18394        990        606        228       5936     118875   ELF Image Totals (compressed)
     18394        990        606        228          0          0   ROM Totals

==============================================================================

    Total RO  Size (Code + RO Data)                19000 (  18.55kB)
    Total RW  Size (RW Data + ZI Data)              6464 (   6.31kB)
    Total ROM Size (Code + RO Data + RW Data)      19228 (  18.78kB)

==============================================================================

